Testing my dodgy AVL tree routines.
height: 7
num nodes: 62
tree: 0 1 2 3 4 5 6 7 8 9 A B C D E F G H I J K L M N O P Q R S T U V W X Y Z a b c d e f g h i j k l m n o p q r s t u v w x y z 
tree to 'S' then foo: 0 1 2 3 4 5 6 7 8 9 A B C D E F G H I J K L M N O P Q R S foo 
height: 6
num nodes: 36
tree: 0 1 2 3 4 5 6 7 8 9 a b c d e f g h i j k l m n o p q r s t u v w x y z 
Lookup for 'x': Found 'x'
Lookup for 'X': Not found.
Tests:         PASSED
Testing my table routines.
FIXME: Actually add some tests!
Checking doubly linked lists...
0 1 2 3 4 5 6 7 8 9 
9 8 7 6 5 4 3 2 1 0 
ok
Checking singly linked lists...
0 1 2 3 4 5 6 7 8 9 
9 8 7 6 5 4 3 2 1 0 
ok
