Using the Best Set Multiobjective GA varient.
0: A = 0.895562 B = 0.686689 C = 0.060068 D = 0.180205 (fitness = -0.298585) pop_size 100
1: A = 0.823008 B = 0.798401 C = 0.395206 D = 1.185621 (fitness = -0.151672) pop_size 100
2: A = 0.823008 B = 0.798401 C = 0.395206 D = 0.887767 (fitness = -0.101498) pop_size 100
3: A = 0.747730 B = 0.798401 C = 0.395206 D = 0.887767 (fitness = -0.030760) pop_size 100
4: A = 0.747730 B = 0.905556 C = 0.030400 D = 0.887767 (fitness = -0.013196) pop_size 100
5: A = 0.747730 B = 0.923923 C = 0.050256 D = 0.721297 (fitness = -0.008757) pop_size 100
6: A = 0.747730 B = 0.923923 C = 0.229256 D = 0.687780 (fitness = -0.002950) pop_size 100
7: A = 0.747730 B = 0.923923 C = 0.229256 D = 0.687780 (fitness = -0.002950) pop_size 100
8: A = 0.747730 B = 0.923923 C = 0.229256 D = 0.721297 (fitness = -0.002950) pop_size 100
9: A = 0.747730 B = 0.941269 C = 0.229256 D = 0.758233 (fitness = -0.002351) pop_size 100
10: A = 0.747730 B = 0.941269 C = 0.229256 D = 0.721297 (fitness = -0.002346) pop_size 100
11: A = 0.747730 B = 0.941269 C = 0.229256 D = 0.713388 (fitness = -0.002346) pop_size 100
12: A = 0.747730 B = 0.947160 C = 0.229256 D = 0.721297 (fitness = -0.002278) pop_size 100
13: A = 0.747730 B = 0.947160 C = 0.229256 D = 0.721297 (fitness = -0.002278) pop_size 100
14: A = 0.747730 B = 0.947160 C = 0.229256 D = 0.713388 (fitness = -0.002278) pop_size 100
15: A = 0.747730 B = 0.947160 C = 0.229256 D = 0.713388 (fitness = -0.002278) pop_size 100
16: A = 0.747730 B = 0.947160 C = 0.229256 D = 0.713388 (fitness = -0.002278) pop_size 100
17: A = 0.747730 B = 0.947160 C = 0.229256 D = 0.713388 (fitness = -0.002278) pop_size 100
18: A = 0.747730 B = 0.947160 C = 0.229256 D = 0.713388 (fitness = -0.002278) pop_size 100
19: A = 0.747730 B = 0.947160 C = 0.229256 D = 0.713388 (fitness = -0.002278) pop_size 100
20: A = 0.747730 B = 0.947160 C = 0.229256 D = 0.713388 (fitness = -0.002278) pop_size 100
21: A = 0.747730 B = 0.947160 C = 0.229256 D = 0.713388 (fitness = -0.002278) pop_size 100
22: A = 0.747730 B = 0.947160 C = 0.229256 D = 0.713388 (fitness = -0.002278) pop_size 100
23: A = 0.747730 B = 0.947160 C = 0.229256 D = 0.709006 (fitness = -0.002278) pop_size 100
24: A = 0.747730 B = 0.947160 C = 0.229256 D = 0.709006 (fitness = -0.002278) pop_size 100
25: A = 0.747730 B = 0.947160 C = 0.229256 D = 0.709006 (fitness = -0.002278) pop_size 100
26: A = 0.747730 B = 0.947160 C = 0.229256 D = 0.709006 (fitness = -0.002278) pop_size 100
27: A = 0.747730 B = 0.947160 C = 0.229256 D = 0.709006 (fitness = -0.002278) pop_size 100
28: A = 0.747730 B = 0.947160 C = 0.229256 D = 0.709712 (fitness = -0.002278) pop_size 100
29: A = 0.747730 B = 0.947160 C = 0.229256 D = 0.709712 (fitness = -0.002278) pop_size 100
30: A = 0.747730 B = 0.947160 C = 0.229256 D = 0.709712 (fitness = -0.002278) pop_size 100
31: A = 0.747730 B = 0.947160 C = 0.229256 D = 0.709712 (fitness = -0.002278) pop_size 100
32: A = 0.747730 B = 0.947160 C = 0.229256 D = 0.709712 (fitness = -0.002278) pop_size 100
33: A = 0.747730 B = 0.947160 C = 0.229256 D = 0.709712 (fitness = -0.002278) pop_size 100
34: A = 0.747730 B = 0.947160 C = 0.229256 D = 0.709712 (fitness = -0.002278) pop_size 100
35: A = 0.747730 B = 0.947160 C = 0.229256 D = 0.709712 (fitness = -0.002278) pop_size 100
36: A = 0.747730 B = 0.947160 C = 0.229256 D = 0.709712 (fitness = -0.002278) pop_size 100
37: A = 0.747730 B = 0.947160 C = 0.229256 D = 0.709712 (fitness = -0.002278) pop_size 100
38: A = 0.747730 B = 0.947160 C = 0.229256 D = 0.709712 (fitness = -0.002278) pop_size 100
39: A = 0.747730 B = 0.947160 C = 0.229256 D = 0.709712 (fitness = -0.002278) pop_size 100
40: A = 0.747730 B = 0.947160 C = 0.229256 D = 0.709712 (fitness = -0.002278) pop_size 100
41: A = 0.747730 B = 0.947160 C = 0.229256 D = 0.709712 (fitness = -0.002278) pop_size 100
42: A = 0.747730 B = 0.947160 C = 0.229256 D = 0.709712 (fitness = -0.002278) pop_size 100
43: A = 0.747730 B = 0.947160 C = 0.229256 D = 0.709712 (fitness = -0.002278) pop_size 100
44: A = 0.747730 B = 0.947160 C = 0.229256 D = 0.709712 (fitness = -0.002278) pop_size 100
45: A = 0.747730 B = 0.947160 C = 0.229256 D = 0.709712 (fitness = -0.002278) pop_size 100
46: A = 0.747730 B = 0.947160 C = 0.229256 D = 0.709712 (fitness = -0.002278) pop_size 100
47: A = 0.747730 B = 0.947160 C = 0.229256 D = 0.709712 (fitness = -0.002278) pop_size 100
48: A = 0.747730 B = 0.947160 C = 0.229256 D = 0.709712 (fitness = -0.002278) pop_size 100
49: A = 0.747730 B = 0.947160 C = 0.229256 D = 0.709712 (fitness = -0.002278) pop_size 100
50: A = 0.747730 B = 0.947160 C = 0.229256 D = 0.709712 (fitness = -0.002278) pop_size 100
51: A = 0.747730 B = 0.947160 C = 0.229256 D = 0.709712 (fitness = -0.002278) pop_size 100
52: A = 0.747730 B = 0.947160 C = 0.229256 D = 0.709712 (fitness = -0.002278) pop_size 100
53: A = 0.747730 B = 0.947160 C = 0.229256 D = 0.709712 (fitness = -0.002278) pop_size 100
54: A = 0.747730 B = 0.947160 C = 0.229256 D = 0.709712 (fitness = -0.002278) pop_size 100
55: A = 0.747730 B = 0.947160 C = 0.229256 D = 0.709712 (fitness = -0.002278) pop_size 100
56: A = 0.747730 B = 0.947160 C = 0.229256 D = 0.709712 (fitness = -0.002278) pop_size 100
57: A = 0.747730 B = 0.947160 C = 0.229256 D = 0.709712 (fitness = -0.002278) pop_size 100
58: A = 0.747730 B = 0.947160 C = 0.229256 D = 0.709712 (fitness = -0.002278) pop_size 100
59: A = 0.747730 B = 0.947160 C = 0.229256 D = 0.709712 (fitness = -0.002278) pop_size 100
60: A = 0.749200 B = 0.947160 C = 0.229256 D = 0.709712 (fitness = -0.000808) pop_size 100
61: A = 0.749200 B = 0.947160 C = 0.229256 D = 0.709712 (fitness = -0.000808) pop_size 100
62: A = 0.749200 B = 0.947160 C = 0.229256 D = 0.709712 (fitness = -0.000808) pop_size 100
63: A = 0.749200 B = 0.947160 C = 0.229256 D = 0.709712 (fitness = -0.000808) pop_size 100
64: A = 0.749200 B = 0.947160 C = 0.229256 D = 0.709712 (fitness = -0.000808) pop_size 100
65: A = 0.749200 B = 0.947160 C = 0.229256 D = 0.709712 (fitness = -0.000808) pop_size 100
66: A = 0.749200 B = 0.947160 C = 0.229256 D = 0.709712 (fitness = -0.000808) pop_size 100
67: A = 0.749200 B = 0.947160 C = 0.229256 D = 0.709712 (fitness = -0.000808) pop_size 100
68: A = 0.749200 B = 0.947160 C = 0.229256 D = 0.709712 (fitness = -0.000808) pop_size 100
69: A = 0.749200 B = 0.947160 C = 0.229256 D = 0.709712 (fitness = -0.000808) pop_size 100
70: A = 0.749200 B = 0.947160 C = 0.229256 D = 0.709712 (fitness = -0.000808) pop_size 100
71: A = 0.749200 B = 0.947160 C = 0.229704 D = 0.709712 (fitness = -0.000808) pop_size 100
72: A = 0.749200 B = 0.947160 C = 0.229704 D = 0.709712 (fitness = -0.000808) pop_size 100
73: A = 0.749200 B = 0.947160 C = 0.229704 D = 0.709712 (fitness = -0.000808) pop_size 100
74: A = 0.749200 B = 0.947160 C = 0.229704 D = 0.709712 (fitness = -0.000808) pop_size 100
75: A = 0.749200 B = 0.947160 C = 0.229704 D = 0.709712 (fitness = -0.000808) pop_size 100
76: A = 0.749200 B = 0.947160 C = 0.229704 D = 0.709712 (fitness = -0.000808) pop_size 100
77: A = 0.749200 B = 0.947160 C = 0.229704 D = 0.709712 (fitness = -0.000808) pop_size 100
78: A = 0.749200 B = 0.947160 C = 0.229704 D = 0.709712 (fitness = -0.000808) pop_size 100
79: A = 0.749200 B = 0.947160 C = 0.229704 D = 0.709712 (fitness = -0.000808) pop_size 100
80: A = 0.749200 B = 0.947160 C = 0.229704 D = 0.709712 (fitness = -0.000808) pop_size 100
81: A = 0.749200 B = 0.947160 C = 0.229704 D = 0.709712 (fitness = -0.000808) pop_size 100
82: A = 0.749200 B = 0.947160 C = 0.229704 D = 0.709712 (fitness = -0.000808) pop_size 100
83: A = 0.749200 B = 0.947160 C = 0.229704 D = 0.709712 (fitness = -0.000808) pop_size 100
84: A = 0.749200 B = 0.947160 C = 0.229704 D = 0.709712 (fitness = -0.000808) pop_size 100
85: A = 0.749200 B = 0.947160 C = 0.229704 D = 0.709712 (fitness = -0.000808) pop_size 100
86: A = 0.749200 B = 0.947160 C = 0.229704 D = 0.709712 (fitness = -0.000808) pop_size 100
87: A = 0.749200 B = 0.947160 C = 0.229704 D = 0.709712 (fitness = -0.000808) pop_size 100
88: A = 0.749200 B = 0.947160 C = 0.229704 D = 0.709712 (fitness = -0.000808) pop_size 100
89: A = 0.749200 B = 0.947160 C = 0.229704 D = 0.709712 (fitness = -0.000808) pop_size 100
90: A = 0.749200 B = 0.947160 C = 0.229704 D = 0.709712 (fitness = -0.000808) pop_size 100
91: A = 0.749200 B = 0.947160 C = 0.229704 D = 0.709712 (fitness = -0.000808) pop_size 100
92: A = 0.749200 B = 0.947160 C = 0.229704 D = 0.709712 (fitness = -0.000808) pop_size 100
93: A = 0.749200 B = 0.947160 C = 0.229704 D = 0.709712 (fitness = -0.000808) pop_size 100
94: A = 0.749200 B = 0.947160 C = 0.229704 D = 0.709712 (fitness = -0.000808) pop_size 100
95: A = 0.749200 B = 0.947160 C = 0.229704 D = 0.709712 (fitness = -0.000808) pop_size 100
96: A = 0.749200 B = 0.947160 C = 0.229704 D = 0.709712 (fitness = -0.000808) pop_size 100
97: A = 0.749200 B = 0.947160 C = 0.229704 D = 0.709712 (fitness = -0.000808) pop_size 100
98: A = 0.749200 B = 0.947160 C = 0.229704 D = 0.709712 (fitness = -0.000808) pop_size 100
99: A = 0.749200 B = 0.947160 C = 0.229704 D = 0.709712 (fitness = -0.000808) pop_size 100
100: A = 0.749200 B = 0.947160 C = 0.229704 D = 0.709712 (fitness = -0.000808) pop_size 100
101: A = 0.749200 B = 0.947160 C = 0.229704 D = 0.709712 (fitness = -0.000808) pop_size 100
102: A = 0.749200 B = 0.947160 C = 0.229704 D = 0.709712 (fitness = -0.000808) pop_size 100
103: A = 0.749200 B = 0.947160 C = 0.229704 D = 0.709712 (fitness = -0.000808) pop_size 100
104: A = 0.749200 B = 0.947160 C = 0.229704 D = 0.709712 (fitness = -0.000808) pop_size 100
105: A = 0.749200 B = 0.947160 C = 0.229704 D = 0.709712 (fitness = -0.000808) pop_size 100
106: A = 0.749200 B = 0.947160 C = 0.229704 D = 0.709712 (fitness = -0.000808) pop_size 100
107: A = 0.749200 B = 0.947160 C = 0.229704 D = 0.709712 (fitness = -0.000808) pop_size 100
108: A = 0.749200 B = 0.947160 C = 0.229704 D = 0.709712 (fitness = -0.000808) pop_size 100
109: A = 0.749200 B = 0.947160 C = 0.229704 D = 0.709712 (fitness = -0.000808) pop_size 100
110: A = 0.749200 B = 0.947160 C = 0.229704 D = 0.709712 (fitness = -0.000808) pop_size 100
111: A = 0.749200 B = 0.947160 C = 0.229704 D = 0.709712 (fitness = -0.000808) pop_size 100
112: A = 0.749200 B = 0.947160 C = 0.229704 D = 0.709712 (fitness = -0.000808) pop_size 100
113: A = 0.749200 B = 0.947160 C = 0.229704 D = 0.709712 (fitness = -0.000808) pop_size 100
114: A = 0.749200 B = 0.947160 C = 0.229704 D = 0.709712 (fitness = -0.000808) pop_size 100
115: A = 0.749200 B = 0.947160 C = 0.229704 D = 0.709712 (fitness = -0.000808) pop_size 100
116: A = 0.749200 B = 0.947160 C = 0.229704 D = 0.709712 (fitness = -0.000808) pop_size 100
117: A = 0.749200 B = 0.947160 C = 0.229704 D = 0.709712 (fitness = -0.000808) pop_size 100
118: A = 0.749200 B = 0.947160 C = 0.229704 D = 0.709712 (fitness = -0.000808) pop_size 100
119: A = 0.749200 B = 0.947160 C = 0.229704 D = 0.709712 (fitness = -0.000808) pop_size 100
120: A = 0.749200 B = 0.947160 C = 0.229704 D = 0.709712 (fitness = -0.000808) pop_size 100
121: A = 0.749200 B = 0.947160 C = 0.229704 D = 0.709712 (fitness = -0.000808) pop_size 100
122: A = 0.749200 B = 0.947160 C = 0.229704 D = 0.709712 (fitness = -0.000808) pop_size 100
123: A = 0.749200 B = 0.947160 C = 0.229704 D = 0.709712 (fitness = -0.000808) pop_size 100
124: A = 0.749200 B = 0.947160 C = 0.229704 D = 0.709712 (fitness = -0.000808) pop_size 100
125: A = 0.749200 B = 0.947160 C = 0.229704 D = 0.709712 (fitness = -0.000808) pop_size 100
126: A = 0.749200 B = 0.947160 C = 0.229704 D = 0.709712 (fitness = -0.000808) pop_size 100
127: A = 0.749200 B = 0.947160 C = 0.229704 D = 0.709712 (fitness = -0.000808) pop_size 100
128: A = 0.749200 B = 0.947160 C = 0.229704 D = 0.709712 (fitness = -0.000808) pop_size 100
129: A = 0.749200 B = 0.947160 C = 0.229704 D = 0.709712 (fitness = -0.000808) pop_size 100
130: A = 0.749200 B = 0.947160 C = 0.229704 D = 0.709712 (fitness = -0.000808) pop_size 100
131: A = 0.749200 B = 0.947160 C = 0.229704 D = 0.709712 (fitness = -0.000808) pop_size 100
132: A = 0.749200 B = 0.947160 C = 0.229704 D = 0.709712 (fitness = -0.000808) pop_size 100
133: A = 0.749200 B = 0.947160 C = 0.229704 D = 0.709712 (fitness = -0.000808) pop_size 100
134: A = 0.749200 B = 0.947160 C = 0.229704 D = 0.709712 (fitness = -0.000808) pop_size 100
135: A = 0.749200 B = 0.947160 C = 0.229704 D = 0.709712 (fitness = -0.000808) pop_size 100
136: A = 0.749200 B = 0.947160 C = 0.229704 D = 0.709712 (fitness = -0.000808) pop_size 100
137: A = 0.749200 B = 0.947160 C = 0.229704 D = 0.709712 (fitness = -0.000808) pop_size 100
138: A = 0.749200 B = 0.947160 C = 0.229704 D = 0.709712 (fitness = -0.000808) pop_size 100
139: A = 0.749200 B = 0.947160 C = 0.229704 D = 0.709712 (fitness = -0.000808) pop_size 100
140: A = 0.749200 B = 0.947160 C = 0.229704 D = 0.709712 (fitness = -0.000808) pop_size 100
141: A = 0.749200 B = 0.947160 C = 0.229704 D = 0.709712 (fitness = -0.000808) pop_size 100
142: A = 0.749200 B = 0.947160 C = 0.229704 D = 0.709712 (fitness = -0.000808) pop_size 100
143: A = 0.749200 B = 0.947160 C = 0.229704 D = 0.709712 (fitness = -0.000808) pop_size 100
144: A = 0.749200 B = 0.947160 C = 0.229704 D = 0.709712 (fitness = -0.000808) pop_size 100
145: A = 0.749200 B = 0.947160 C = 0.229704 D = 0.709712 (fitness = -0.000808) pop_size 100
146: A = 0.749200 B = 0.947160 C = 0.229704 D = 0.709712 (fitness = -0.000808) pop_size 100
147: A = 0.749390 B = 0.947160 C = 0.229704 D = 0.709712 (fitness = -0.000618) pop_size 100
148: A = 0.749390 B = 0.947160 C = 0.229704 D = 0.709712 (fitness = -0.000618) pop_size 100
149: A = 0.749390 B = 0.947160 C = 0.229704 D = 0.709712 (fitness = -0.000618) pop_size 100
150: A = 0.749390 B = 0.948756 C = 0.229704 D = 0.709712 (fitness = -0.000611) pop_size 100
151: A = 0.749390 B = 0.948756 C = 0.229704 D = 0.709712 (fitness = -0.000611) pop_size 100
152: A = 0.749390 B = 0.948756 C = 0.229704 D = 0.709712 (fitness = -0.000611) pop_size 100
153: A = 0.749390 B = 0.948756 C = 0.229704 D = 0.709712 (fitness = -0.000611) pop_size 100
154: A = 0.749390 B = 0.948756 C = 0.229704 D = 0.709712 (fitness = -0.000611) pop_size 100
155: A = 0.749390 B = 0.948756 C = 0.229704 D = 0.709712 (fitness = -0.000611) pop_size 100
156: A = 0.749390 B = 0.948756 C = 0.229704 D = 0.709712 (fitness = -0.000611) pop_size 100
157: A = 0.749390 B = 0.948756 C = 0.229704 D = 0.709712 (fitness = -0.000611) pop_size 100
158: A = 0.749390 B = 0.948756 C = 0.229704 D = 0.709712 (fitness = -0.000611) pop_size 100
159: A = 0.749390 B = 0.948756 C = 0.229704 D = 0.709712 (fitness = -0.000611) pop_size 100
160: A = 0.749390 B = 0.948756 C = 0.229704 D = 0.709712 (fitness = -0.000611) pop_size 100
161: A = 0.749390 B = 0.948756 C = 0.229704 D = 0.709712 (fitness = -0.000611) pop_size 100
162: A = 0.749390 B = 0.948756 C = 0.229704 D = 0.709712 (fitness = -0.000611) pop_size 100
163: A = 0.749390 B = 0.948756 C = 0.229704 D = 0.709712 (fitness = -0.000611) pop_size 100
164: A = 0.749390 B = 0.948756 C = 0.229704 D = 0.709712 (fitness = -0.000611) pop_size 100
165: A = 0.749390 B = 0.948756 C = 0.229704 D = 0.709712 (fitness = -0.000611) pop_size 100
166: A = 0.749390 B = 0.948756 C = 0.229704 D = 0.709712 (fitness = -0.000611) pop_size 100
167: A = 0.749390 B = 0.948756 C = 0.229704 D = 0.709712 (fitness = -0.000611) pop_size 100
168: A = 0.749390 B = 0.948756 C = 0.229704 D = 0.709712 (fitness = -0.000611) pop_size 100
169: A = 0.749390 B = 0.948756 C = 0.229704 D = 0.709712 (fitness = -0.000611) pop_size 100
170: A = 0.749390 B = 0.948756 C = 0.229704 D = 0.709712 (fitness = -0.000611) pop_size 100
171: A = 0.749390 B = 0.948756 C = 0.229704 D = 0.709712 (fitness = -0.000611) pop_size 100
172: A = 0.749390 B = 0.948756 C = 0.229704 D = 0.709712 (fitness = -0.000611) pop_size 100
173: A = 0.749390 B = 0.948756 C = 0.229704 D = 0.709712 (fitness = -0.000611) pop_size 100
174: A = 0.749390 B = 0.948756 C = 0.229704 D = 0.709712 (fitness = -0.000611) pop_size 100
175: A = 0.749390 B = 0.948756 C = 0.229704 D = 0.709712 (fitness = -0.000611) pop_size 100
176: A = 0.749390 B = 0.948756 C = 0.229704 D = 0.709712 (fitness = -0.000611) pop_size 100
177: A = 0.749390 B = 0.948756 C = 0.229704 D = 0.709712 (fitness = -0.000611) pop_size 100
178: A = 0.749390 B = 0.948756 C = 0.229704 D = 0.709712 (fitness = -0.000611) pop_size 100
179: A = 0.749390 B = 0.948756 C = 0.229704 D = 0.709712 (fitness = -0.000611) pop_size 100
180: A = 0.749390 B = 0.948756 C = 0.229704 D = 0.709712 (fitness = -0.000611) pop_size 100
181: A = 0.749390 B = 0.948756 C = 0.229704 D = 0.709712 (fitness = -0.000611) pop_size 100
182: A = 0.749390 B = 0.948756 C = 0.229704 D = 0.709712 (fitness = -0.000611) pop_size 100
183: A = 0.749390 B = 0.948756 C = 0.229704 D = 0.709712 (fitness = -0.000611) pop_size 100
184: A = 0.749390 B = 0.948756 C = 0.229704 D = 0.709712 (fitness = -0.000611) pop_size 100
185: A = 0.749390 B = 0.948756 C = 0.229704 D = 0.709712 (fitness = -0.000611) pop_size 100
186: A = 0.749390 B = 0.948756 C = 0.229704 D = 0.709712 (fitness = -0.000611) pop_size 100
187: A = 0.749390 B = 0.948756 C = 0.229704 D = 0.709712 (fitness = -0.000611) pop_size 100
188: A = 0.749390 B = 0.948756 C = 0.229704 D = 0.709712 (fitness = -0.000611) pop_size 100
189: A = 0.749390 B = 0.948756 C = 0.229704 D = 0.709712 (fitness = -0.000611) pop_size 100
190: A = 0.749390 B = 0.948756 C = 0.229704 D = 0.709712 (fitness = -0.000611) pop_size 100
191: A = 0.749390 B = 0.948756 C = 0.229704 D = 0.709712 (fitness = -0.000611) pop_size 100
192: A = 0.749390 B = 0.948756 C = 0.229704 D = 0.709712 (fitness = -0.000611) pop_size 100
193: A = 0.749390 B = 0.948756 C = 0.229704 D = 0.709712 (fitness = -0.000611) pop_size 100
194: A = 0.749390 B = 0.948756 C = 0.229704 D = 0.709712 (fitness = -0.000611) pop_size 100
195: A = 0.749390 B = 0.948756 C = 0.229704 D = 0.709712 (fitness = -0.000611) pop_size 100
196: A = 0.749390 B = 0.948756 C = 0.229704 D = 0.709712 (fitness = -0.000611) pop_size 100
197: A = 0.749390 B = 0.948756 C = 0.229704 D = 0.709712 (fitness = -0.000611) pop_size 100
198: A = 0.749390 B = 0.948756 C = 0.229704 D = 0.709712 (fitness = -0.000611) pop_size 100
199: A = 0.749390 B = 0.948756 C = 0.229704 D = 0.709712 (fitness = -0.000611) pop_size 100
200: A = 0.749390 B = 0.948756 C = 0.229704 D = 0.709712 (fitness = -0.000611) pop_size 100
Using the Pareto Set Multiobjective GA varient.
0: A = 0.840946 B = 1.113681 C = 0.249382 D = 0.542739 (fitness = -0.118528) pop_size 100
1: A = 0.708530 B = 0.714440 C = 0.483062 D = 0.570006 (fitness = -0.113549) pop_size 100
2: A = 0.708530 B = 0.919130 C = 0.445120 D = 0.644010 (fitness = -0.052397) pop_size 100
3: A = 0.725717 B = 0.953898 C = 0.065086 D = 1.041949 (fitness = -0.040926) pop_size 100
4: A = 0.725717 B = 0.953898 C = 0.065086 D = 0.893350 (fitness = -0.029914) pop_size 100
5: A = 0.725717 B = 0.953898 C = 0.271343 D = 0.644010 (fitness = -0.024388) pop_size 100
6: A = 0.736582 B = 1.014745 C = 0.158576 D = 0.710124 (fitness = -0.017974) pop_size 100
7: A = 0.736582 B = 0.919130 C = 0.158576 D = 0.710124 (fitness = -0.014735) pop_size 100
8: A = 0.736582 B = 0.953898 C = 0.271343 D = 0.710124 (fitness = -0.013504) pop_size 100
9: A = 0.736582 B = 0.953898 C = 0.249382 D = 0.728458 (fitness = -0.013441) pop_size 100
10: A = 0.736582 B = 0.953898 C = 0.249382 D = 0.710124 (fitness = -0.013441) pop_size 100
11: A = 0.736582 B = 0.953898 C = 0.249382 D = 0.710124 (fitness = -0.013441) pop_size 100
12: A = 0.736582 B = 0.947797 C = 0.249382 D = 0.710124 (fitness = -0.013430) pop_size 100
13: A = 0.736582 B = 0.947797 C = 0.249382 D = 0.710124 (fitness = -0.013430) pop_size 100
14: A = 0.736582 B = 0.947797 C = 0.249382 D = 0.710124 (fitness = -0.013430) pop_size 100
15: A = 0.736582 B = 0.947797 C = 0.249382 D = 0.710124 (fitness = -0.013430) pop_size 100
16: A = 0.736582 B = 0.947797 C = 0.249382 D = 0.710124 (fitness = -0.013430) pop_size 100
17: A = 0.749364 B = 0.947797 C = 0.249382 D = 0.710124 (fitness = -0.000648) pop_size 100
18: A = 0.749364 B = 0.947797 C = 0.249382 D = 0.710124 (fitness = -0.000648) pop_size 100
19: A = 0.749364 B = 0.947797 C = 0.249382 D = 0.710124 (fitness = -0.000648) pop_size 100
20: A = 0.749364 B = 0.947797 C = 0.249382 D = 0.710124 (fitness = -0.000648) pop_size 100
21: A = 0.749364 B = 0.947797 C = 0.249382 D = 0.710124 (fitness = -0.000648) pop_size 100
22: A = 0.749364 B = 0.947797 C = 0.249382 D = 0.710124 (fitness = -0.000648) pop_size 100
23: A = 0.749364 B = 0.947797 C = 0.249382 D = 0.710124 (fitness = -0.000648) pop_size 100
24: A = 0.749364 B = 0.947797 C = 0.249382 D = 0.710124 (fitness = -0.000648) pop_size 100
25: A = 0.749364 B = 0.947797 C = 0.249382 D = 0.710124 (fitness = -0.000648) pop_size 100
26: A = 0.749364 B = 0.947797 C = 0.249382 D = 0.710124 (fitness = -0.000648) pop_size 100
27: A = 0.749364 B = 0.947797 C = 0.249382 D = 0.710124 (fitness = -0.000648) pop_size 100
28: A = 0.749364 B = 0.947797 C = 0.238036 D = 0.710124 (fitness = -0.000642) pop_size 100
29: A = 0.749364 B = 0.947797 C = 0.238036 D = 0.710124 (fitness = -0.000642) pop_size 100
30: A = 0.749364 B = 0.947797 C = 0.238036 D = 0.710124 (fitness = -0.000642) pop_size 100
31: A = 0.749364 B = 0.947797 C = 0.238036 D = 0.710124 (fitness = -0.000642) pop_size 100
32: A = 0.749364 B = 0.947797 C = 0.238036 D = 0.710124 (fitness = -0.000642) pop_size 100
33: A = 0.749364 B = 0.947797 C = 0.238036 D = 0.710124 (fitness = -0.000642) pop_size 100
34: A = 0.749364 B = 0.947797 C = 0.238036 D = 0.710124 (fitness = -0.000642) pop_size 100
35: A = 0.749364 B = 0.947797 C = 0.238036 D = 0.710124 (fitness = -0.000642) pop_size 100
36: A = 0.749364 B = 0.947797 C = 0.238036 D = 0.710124 (fitness = -0.000642) pop_size 100
37: A = 0.749364 B = 0.947797 C = 0.238036 D = 0.710124 (fitness = -0.000642) pop_size 100
38: A = 0.749364 B = 0.947797 C = 0.238036 D = 0.710124 (fitness = -0.000642) pop_size 100
39: A = 0.749364 B = 0.947797 C = 0.238036 D = 0.710124 (fitness = -0.000642) pop_size 100
40: A = 0.749364 B = 0.947797 C = 0.238036 D = 0.710124 (fitness = -0.000642) pop_size 100
41: A = 0.749364 B = 0.947797 C = 0.238036 D = 0.710124 (fitness = -0.000642) pop_size 100
42: A = 0.749364 B = 0.947797 C = 0.238036 D = 0.710124 (fitness = -0.000642) pop_size 100
43: A = 0.749364 B = 0.947797 C = 0.238036 D = 0.710124 (fitness = -0.000642) pop_size 100
44: A = 0.749364 B = 0.947797 C = 0.238036 D = 0.710124 (fitness = -0.000642) pop_size 100
45: A = 0.749364 B = 0.947797 C = 0.238036 D = 0.710124 (fitness = -0.000642) pop_size 100
46: A = 0.749364 B = 0.947797 C = 0.238036 D = 0.710124 (fitness = -0.000642) pop_size 100
47: A = 0.749364 B = 0.947797 C = 0.238036 D = 0.710124 (fitness = -0.000642) pop_size 100
48: A = 0.749364 B = 0.947797 C = 0.238036 D = 0.710124 (fitness = -0.000642) pop_size 100
49: A = 0.749364 B = 0.947797 C = 0.238036 D = 0.710124 (fitness = -0.000642) pop_size 100
50: A = 0.749364 B = 0.947797 C = 0.238036 D = 0.710124 (fitness = -0.000642) pop_size 100
51: A = 0.749364 B = 0.947797 C = 0.238036 D = 0.710124 (fitness = -0.000642) pop_size 100
52: A = 0.749364 B = 0.950234 C = 0.238036 D = 0.710124 (fitness = -0.000637) pop_size 100
53: A = 0.749364 B = 0.950234 C = 0.238036 D = 0.710124 (fitness = -0.000637) pop_size 100
54: A = 0.749364 B = 0.950234 C = 0.225246 D = 0.710124 (fitness = -0.000637) pop_size 100
55: A = 0.749364 B = 0.950234 C = 0.225246 D = 0.710124 (fitness = -0.000637) pop_size 100
56: A = 0.749364 B = 0.950234 C = 0.225246 D = 0.710124 (fitness = -0.000637) pop_size 100
57: A = 0.749364 B = 0.950234 C = 0.225246 D = 0.710124 (fitness = -0.000637) pop_size 100
58: A = 0.749364 B = 0.950234 C = 0.225246 D = 0.710124 (fitness = -0.000637) pop_size 100
59: A = 0.749364 B = 0.950234 C = 0.225246 D = 0.710124 (fitness = -0.000637) pop_size 100
60: A = 0.749364 B = 0.950234 C = 0.225246 D = 0.710124 (fitness = -0.000637) pop_size 100
61: A = 0.749364 B = 0.950234 C = 0.225246 D = 0.710124 (fitness = -0.000637) pop_size 100
62: A = 0.749364 B = 0.950234 C = 0.225246 D = 0.710124 (fitness = -0.000637) pop_size 100
63: A = 0.749364 B = 0.950234 C = 0.225246 D = 0.710124 (fitness = -0.000637) pop_size 100
64: A = 0.749364 B = 0.950234 C = 0.225246 D = 0.710124 (fitness = -0.000637) pop_size 100
65: A = 0.749364 B = 0.950234 C = 0.225246 D = 0.710124 (fitness = -0.000637) pop_size 100
66: A = 0.749364 B = 0.950234 C = 0.225246 D = 0.710124 (fitness = -0.000637) pop_size 100
67: A = 0.749364 B = 0.950234 C = 0.225246 D = 0.710124 (fitness = -0.000637) pop_size 100
68: A = 0.749364 B = 0.950234 C = 0.225246 D = 0.710124 (fitness = -0.000637) pop_size 100
69: A = 0.749364 B = 0.950234 C = 0.225246 D = 0.710124 (fitness = -0.000637) pop_size 100
70: A = 0.749364 B = 0.950234 C = 0.225246 D = 0.710124 (fitness = -0.000637) pop_size 100
71: A = 0.749364 B = 0.950234 C = 0.225246 D = 0.710124 (fitness = -0.000637) pop_size 100
72: A = 0.749364 B = 0.950234 C = 0.225246 D = 0.710124 (fitness = -0.000637) pop_size 100
73: A = 0.749364 B = 0.950234 C = 0.225246 D = 0.710124 (fitness = -0.000637) pop_size 100
74: A = 0.749364 B = 0.950234 C = 0.225246 D = 0.710124 (fitness = -0.000637) pop_size 100
75: A = 0.749364 B = 0.950234 C = 0.225246 D = 0.710124 (fitness = -0.000637) pop_size 100
76: A = 0.749364 B = 0.950234 C = 0.225246 D = 0.710124 (fitness = -0.000637) pop_size 100
77: A = 0.749364 B = 0.950234 C = 0.225246 D = 0.710124 (fitness = -0.000637) pop_size 100
78: A = 0.749364 B = 0.950234 C = 0.225246 D = 0.710124 (fitness = -0.000637) pop_size 100
79: A = 0.749364 B = 0.950234 C = 0.225246 D = 0.710124 (fitness = -0.000637) pop_size 100
80: A = 0.749364 B = 0.950234 C = 0.225246 D = 0.710124 (fitness = -0.000637) pop_size 100
81: A = 0.749364 B = 0.950234 C = 0.225246 D = 0.710124 (fitness = -0.000637) pop_size 100
82: A = 0.749364 B = 0.950234 C = 0.225246 D = 0.710124 (fitness = -0.000637) pop_size 100
83: A = 0.749364 B = 0.950234 C = 0.225246 D = 0.710124 (fitness = -0.000637) pop_size 100
84: A = 0.749364 B = 0.950234 C = 0.225246 D = 0.710124 (fitness = -0.000637) pop_size 100
85: A = 0.749364 B = 0.950234 C = 0.225246 D = 0.710124 (fitness = -0.000637) pop_size 100
86: A = 0.749364 B = 0.950234 C = 0.225246 D = 0.710124 (fitness = -0.000637) pop_size 100
87: A = 0.749364 B = 0.950234 C = 0.225246 D = 0.710124 (fitness = -0.000637) pop_size 100
88: A = 0.749364 B = 0.950234 C = 0.225246 D = 0.710124 (fitness = -0.000637) pop_size 100
89: A = 0.749364 B = 0.950234 C = 0.225246 D = 0.710124 (fitness = -0.000637) pop_size 100
90: A = 0.749364 B = 0.950234 C = 0.225246 D = 0.710124 (fitness = -0.000637) pop_size 100
91: A = 0.749364 B = 0.950234 C = 0.225246 D = 0.710124 (fitness = -0.000637) pop_size 100
92: A = 0.749364 B = 0.950234 C = 0.225246 D = 0.710124 (fitness = -0.000637) pop_size 100
93: A = 0.749364 B = 0.950234 C = 0.225246 D = 0.710124 (fitness = -0.000637) pop_size 100
94: A = 0.749364 B = 0.950234 C = 0.225246 D = 0.710124 (fitness = -0.000637) pop_size 100
95: A = 0.749364 B = 0.950234 C = 0.225246 D = 0.710124 (fitness = -0.000637) pop_size 100
96: A = 0.749364 B = 0.950234 C = 0.225246 D = 0.710124 (fitness = -0.000637) pop_size 100
97: A = 0.749364 B = 0.950234 C = 0.225246 D = 0.710124 (fitness = -0.000637) pop_size 100
98: A = 0.749364 B = 0.950234 C = 0.225246 D = 0.710124 (fitness = -0.000637) pop_size 100
99: A = 0.749364 B = 0.950234 C = 0.225246 D = 0.710124 (fitness = -0.000637) pop_size 100
100: A = 0.749364 B = 0.950234 C = 0.225246 D = 0.710124 (fitness = -0.000637) pop_size 100
101: A = 0.749364 B = 0.950234 C = 0.225246 D = 0.710124 (fitness = -0.000637) pop_size 100
102: A = 0.749364 B = 0.950234 C = 0.225246 D = 0.710124 (fitness = -0.000637) pop_size 100
103: A = 0.749364 B = 0.950234 C = 0.225246 D = 0.710124 (fitness = -0.000637) pop_size 100
104: A = 0.749364 B = 0.950234 C = 0.225246 D = 0.710124 (fitness = -0.000637) pop_size 100
105: A = 0.749364 B = 0.950234 C = 0.225246 D = 0.710124 (fitness = -0.000637) pop_size 100
106: A = 0.749364 B = 0.950234 C = 0.225246 D = 0.710124 (fitness = -0.000637) pop_size 100
107: A = 0.749364 B = 0.950234 C = 0.225246 D = 0.710124 (fitness = -0.000637) pop_size 100
108: A = 0.749364 B = 0.950234 C = 0.225246 D = 0.710124 (fitness = -0.000637) pop_size 100
109: A = 0.749364 B = 0.950234 C = 0.225246 D = 0.710124 (fitness = -0.000637) pop_size 100
110: A = 0.749364 B = 0.950234 C = 0.225246 D = 0.710124 (fitness = -0.000637) pop_size 100
111: A = 0.749364 B = 0.950234 C = 0.225246 D = 0.710124 (fitness = -0.000637) pop_size 100
112: A = 0.749364 B = 0.950234 C = 0.225246 D = 0.710124 (fitness = -0.000637) pop_size 100
113: A = 0.749364 B = 0.950234 C = 0.225246 D = 0.710124 (fitness = -0.000637) pop_size 100
114: A = 0.749364 B = 0.950234 C = 0.225246 D = 0.710124 (fitness = -0.000637) pop_size 100
115: A = 0.749364 B = 0.950234 C = 0.225246 D = 0.710124 (fitness = -0.000637) pop_size 100
116: A = 0.749364 B = 0.950234 C = 0.225246 D = 0.710124 (fitness = -0.000637) pop_size 100
117: A = 0.749364 B = 0.950234 C = 0.225246 D = 0.710124 (fitness = -0.000637) pop_size 100
118: A = 0.749364 B = 0.950234 C = 0.225246 D = 0.710124 (fitness = -0.000637) pop_size 100
119: A = 0.749364 B = 0.950234 C = 0.225246 D = 0.710124 (fitness = -0.000637) pop_size 100
120: A = 0.749364 B = 0.950234 C = 0.225246 D = 0.710124 (fitness = -0.000637) pop_size 100
121: A = 0.749364 B = 0.950234 C = 0.225246 D = 0.710124 (fitness = -0.000637) pop_size 100
122: A = 0.749364 B = 0.950234 C = 0.225246 D = 0.710124 (fitness = -0.000637) pop_size 100
123: A = 0.749364 B = 0.950234 C = 0.225246 D = 0.710124 (fitness = -0.000637) pop_size 100
124: A = 0.749364 B = 0.950234 C = 0.225246 D = 0.710124 (fitness = -0.000637) pop_size 100
125: A = 0.749364 B = 0.950234 C = 0.225246 D = 0.710124 (fitness = -0.000637) pop_size 100
126: A = 0.749364 B = 0.950234 C = 0.225246 D = 0.710124 (fitness = -0.000637) pop_size 100
127: A = 0.749364 B = 0.950234 C = 0.225246 D = 0.710124 (fitness = -0.000637) pop_size 100
128: A = 0.749364 B = 0.950234 C = 0.225246 D = 0.710124 (fitness = -0.000637) pop_size 100
129: A = 0.749364 B = 0.950234 C = 0.225246 D = 0.710124 (fitness = -0.000637) pop_size 100
130: A = 0.749364 B = 0.950234 C = 0.225246 D = 0.710124 (fitness = -0.000637) pop_size 100
131: A = 0.749364 B = 0.950234 C = 0.225246 D = 0.710124 (fitness = -0.000637) pop_size 100
132: A = 0.749364 B = 0.950234 C = 0.225246 D = 0.710124 (fitness = -0.000637) pop_size 100
133: A = 0.749364 B = 0.950234 C = 0.225246 D = 0.710124 (fitness = -0.000637) pop_size 100
134: A = 0.749364 B = 0.950234 C = 0.225246 D = 0.710124 (fitness = -0.000637) pop_size 100
135: A = 0.749364 B = 0.950234 C = 0.225246 D = 0.710124 (fitness = -0.000637) pop_size 100
136: A = 0.749364 B = 0.950234 C = 0.225246 D = 0.710124 (fitness = -0.000637) pop_size 100
137: A = 0.749364 B = 0.950234 C = 0.225246 D = 0.710124 (fitness = -0.000637) pop_size 100
138: A = 0.749364 B = 0.950234 C = 0.225246 D = 0.710124 (fitness = -0.000637) pop_size 100
139: A = 0.749364 B = 0.950234 C = 0.225246 D = 0.710124 (fitness = -0.000637) pop_size 100
140: A = 0.749364 B = 0.950234 C = 0.225246 D = 0.710124 (fitness = -0.000637) pop_size 100
141: A = 0.749364 B = 0.950234 C = 0.225246 D = 0.710124 (fitness = -0.000637) pop_size 100
142: A = 0.749364 B = 0.950234 C = 0.225246 D = 0.710124 (fitness = -0.000637) pop_size 100
143: A = 0.749364 B = 0.950234 C = 0.225246 D = 0.710124 (fitness = -0.000637) pop_size 100
144: A = 0.749364 B = 0.950234 C = 0.225246 D = 0.710124 (fitness = -0.000637) pop_size 100
145: A = 0.749364 B = 0.950234 C = 0.225246 D = 0.710124 (fitness = -0.000637) pop_size 100
146: A = 0.749364 B = 0.950234 C = 0.225246 D = 0.710124 (fitness = -0.000637) pop_size 100
147: A = 0.749364 B = 0.950234 C = 0.225246 D = 0.710124 (fitness = -0.000637) pop_size 100
148: A = 0.749364 B = 0.950234 C = 0.225246 D = 0.710124 (fitness = -0.000637) pop_size 100
149: A = 0.749364 B = 0.950234 C = 0.225246 D = 0.710124 (fitness = -0.000637) pop_size 100
150: A = 0.749364 B = 0.950234 C = 0.225246 D = 0.710124 (fitness = -0.000637) pop_size 100
151: A = 0.749364 B = 0.950234 C = 0.225246 D = 0.710124 (fitness = -0.000637) pop_size 100
152: A = 0.749364 B = 0.949938 C = 0.225246 D = 0.710124 (fitness = -0.000636) pop_size 100
153: A = 0.749364 B = 0.949938 C = 0.225246 D = 0.710124 (fitness = -0.000636) pop_size 100
154: A = 0.749364 B = 0.949938 C = 0.225246 D = 0.710124 (fitness = -0.000636) pop_size 100
155: A = 0.749364 B = 0.949938 C = 0.225246 D = 0.710124 (fitness = -0.000636) pop_size 100
156: A = 0.749364 B = 0.949938 C = 0.225246 D = 0.710124 (fitness = -0.000636) pop_size 100
157: A = 0.749364 B = 0.949938 C = 0.225246 D = 0.710124 (fitness = -0.000636) pop_size 100
158: A = 0.749364 B = 0.949938 C = 0.225246 D = 0.710124 (fitness = -0.000636) pop_size 100
159: A = 0.749364 B = 0.949938 C = 0.225246 D = 0.710124 (fitness = -0.000636) pop_size 100
160: A = 0.749364 B = 0.949938 C = 0.225246 D = 0.710124 (fitness = -0.000636) pop_size 100
161: A = 0.749364 B = 0.949938 C = 0.225246 D = 0.710124 (fitness = -0.000636) pop_size 100
162: A = 0.749897 B = 0.949938 C = 0.225246 D = 0.710124 (fitness = -0.000103) pop_size 100
163: A = 0.749897 B = 0.949938 C = 0.225246 D = 0.710124 (fitness = -0.000103) pop_size 100
164: A = 0.749897 B = 0.949938 C = 0.225246 D = 0.710124 (fitness = -0.000103) pop_size 100
165: A = 0.749897 B = 0.949938 C = 0.225246 D = 0.710124 (fitness = -0.000103) pop_size 100
166: A = 0.749897 B = 0.949938 C = 0.225246 D = 0.710124 (fitness = -0.000103) pop_size 100
167: A = 0.749897 B = 0.949938 C = 0.225246 D = 0.710124 (fitness = -0.000103) pop_size 100
168: A = 0.749897 B = 0.949938 C = 0.225246 D = 0.710124 (fitness = -0.000103) pop_size 100
169: A = 0.749897 B = 0.949938 C = 0.225246 D = 0.710124 (fitness = -0.000103) pop_size 100
170: A = 0.749897 B = 0.949938 C = 0.225246 D = 0.710124 (fitness = -0.000103) pop_size 100
171: A = 0.749897 B = 0.949938 C = 0.225246 D = 0.710124 (fitness = -0.000103) pop_size 100
172: A = 0.749897 B = 0.949938 C = 0.225246 D = 0.710124 (fitness = -0.000103) pop_size 100
173: A = 0.749897 B = 0.949938 C = 0.225246 D = 0.710124 (fitness = -0.000103) pop_size 100
174: A = 0.749897 B = 0.949938 C = 0.225246 D = 0.710124 (fitness = -0.000103) pop_size 100
175: A = 0.749897 B = 0.949938 C = 0.225246 D = 0.710124 (fitness = -0.000103) pop_size 100
176: A = 0.749897 B = 0.949938 C = 0.225246 D = 0.710124 (fitness = -0.000103) pop_size 100
177: A = 0.749897 B = 0.949938 C = 0.225246 D = 0.710124 (fitness = -0.000103) pop_size 100
178: A = 0.749897 B = 0.949938 C = 0.225246 D = 0.710124 (fitness = -0.000103) pop_size 100
179: A = 0.749897 B = 0.949938 C = 0.225246 D = 0.710124 (fitness = -0.000103) pop_size 100
180: A = 0.749897 B = 0.949938 C = 0.225246 D = 0.710124 (fitness = -0.000103) pop_size 100
181: A = 0.749897 B = 0.949938 C = 0.225246 D = 0.710124 (fitness = -0.000103) pop_size 100
182: A = 0.749897 B = 0.949938 C = 0.225246 D = 0.710124 (fitness = -0.000103) pop_size 100
183: A = 0.749897 B = 0.949938 C = 0.225246 D = 0.710124 (fitness = -0.000103) pop_size 100
184: A = 0.749897 B = 0.949938 C = 0.225246 D = 0.710124 (fitness = -0.000103) pop_size 100
185: A = 0.749897 B = 0.949938 C = 0.225246 D = 0.710124 (fitness = -0.000103) pop_size 100
186: A = 0.749897 B = 0.949938 C = 0.225246 D = 0.710124 (fitness = -0.000103) pop_size 100
187: A = 0.749897 B = 0.949938 C = 0.225246 D = 0.710124 (fitness = -0.000103) pop_size 100
188: A = 0.749897 B = 0.949938 C = 0.225246 D = 0.710124 (fitness = -0.000103) pop_size 100
189: A = 0.749897 B = 0.949938 C = 0.225246 D = 0.710124 (fitness = -0.000103) pop_size 100
190: A = 0.749897 B = 0.949938 C = 0.225246 D = 0.710124 (fitness = -0.000103) pop_size 100
191: A = 0.749897 B = 0.949938 C = 0.225246 D = 0.710124 (fitness = -0.000103) pop_size 100
192: A = 0.749897 B = 0.949938 C = 0.225246 D = 0.710124 (fitness = -0.000103) pop_size 100
193: A = 0.749897 B = 0.949938 C = 0.225246 D = 0.710124 (fitness = -0.000103) pop_size 100
194: A = 0.749897 B = 0.949938 C = 0.225246 D = 0.710124 (fitness = -0.000103) pop_size 100
195: A = 0.749897 B = 0.949938 C = 0.225246 D = 0.710124 (fitness = -0.000103) pop_size 100
196: A = 0.749897 B = 0.949938 C = 0.225246 D = 0.710124 (fitness = -0.000103) pop_size 100
197: A = 0.749897 B = 0.949938 C = 0.225246 D = 0.710124 (fitness = -0.000103) pop_size 100
198: A = 0.749897 B = 0.949938 C = 0.225246 D = 0.710124 (fitness = -0.000103) pop_size 100
199: A = 0.749897 B = 0.949938 C = 0.225246 D = 0.710124 (fitness = -0.000103) pop_size 100
200: A = 0.749897 B = 0.949938 C = 0.225246 D = 0.710124 (fitness = -0.000103) pop_size 100
