0: A = 0.895562 B = 0.686689 C = 0.060068 D = 0.180205 (fitness = -0.298585)
1: A = 0.829096 B = 1.042730 C = 0.070747 D = 0.212241 (fitness = -0.153121)
2: A = 0.784710 B = 0.970483 C = 0.018003 D = 0.734940 (fitness = -0.044658)
3: A = 0.747730 B = 0.917951 C = 0.042884 D = 0.628982 (fitness = -0.009891)
4: A = 0.747730 B = 0.917951 C = 0.093056 D = 0.655423 (fitness = -0.005874)
5: A = 0.747730 B = 0.917951 C = 0.230582 D = 0.655423 (fitness = -0.003306)
6: A = 0.747730 B = 0.917951 C = 0.230582 D = 0.691747 (fitness = -0.003297)
7: A = 0.747730 B = 0.970483 C = 0.230582 D = 0.691747 (fitness = -0.002689)
8: A = 0.747730 B = 0.970483 C = 0.230582 D = 0.691747 (fitness = -0.002689)
9: A = 0.747730 B = 0.970483 C = 0.230582 D = 0.691747 (fitness = -0.002689)
10: A = 0.747730 B = 0.970483 C = 0.230582 D = 0.691747 (fitness = -0.002689)
11: A = 0.747730 B = 0.970483 C = 0.230582 D = 0.692394 (fitness = -0.002689)
12: A = 0.747730 B = 0.970483 C = 0.230582 D = 0.692394 (fitness = -0.002689)
13: A = 0.747730 B = 0.970483 C = 0.230582 D = 0.692394 (fitness = -0.002689)
14: A = 0.747730 B = 0.970483 C = 0.230582 D = 0.711180 (fitness = -0.002689)
15: A = 0.747730 B = 0.941784 C = 0.230582 D = 0.691747 (fitness = -0.002337)
16: A = 0.747730 B = 0.941784 C = 0.230582 D = 0.692394 (fitness = -0.002337)
17: A = 0.747730 B = 0.941784 C = 0.230582 D = 0.711180 (fitness = -0.002337)
18: A = 0.747730 B = 0.941784 C = 0.229855 D = 0.711180 (fitness = -0.002337)
19: A = 0.747730 B = 0.941784 C = 0.229855 D = 0.711180 (fitness = -0.002337)
20: A = 0.747730 B = 0.941784 C = 0.229855 D = 0.711180 (fitness = -0.002337)
21: A = 0.747730 B = 0.941784 C = 0.229855 D = 0.711180 (fitness = -0.002337)
22: A = 0.747730 B = 0.941784 C = 0.229855 D = 0.711180 (fitness = -0.002337)
23: A = 0.747730 B = 0.941784 C = 0.229855 D = 0.711180 (fitness = -0.002337)
24: A = 0.747730 B = 0.951632 C = 0.229855 D = 0.711180 (fitness = -0.002272)
25: A = 0.747730 B = 0.951632 C = 0.229855 D = 0.711180 (fitness = -0.002272)
26: A = 0.747730 B = 0.951632 C = 0.229855 D = 0.711180 (fitness = -0.002272)
27: A = 0.747730 B = 0.951632 C = 0.229855 D = 0.711180 (fitness = -0.002272)
28: A = 0.747730 B = 0.951632 C = 0.229855 D = 0.711180 (fitness = -0.002272)
29: A = 0.747730 B = 0.951632 C = 0.229855 D = 0.711180 (fitness = -0.002272)
30: A = 0.749200 B = 0.951632 C = 0.229855 D = 0.711180 (fitness = -0.000803)
31: A = 0.749200 B = 0.951632 C = 0.229855 D = 0.711180 (fitness = -0.000803)
32: A = 0.749200 B = 0.951632 C = 0.229855 D = 0.711180 (fitness = -0.000803)
33: A = 0.749200 B = 0.951632 C = 0.229855 D = 0.711180 (fitness = -0.000803)
34: A = 0.749200 B = 0.951436 C = 0.229855 D = 0.711180 (fitness = -0.000802)
35: A = 0.749200 B = 0.951436 C = 0.229855 D = 0.711180 (fitness = -0.000802)
36: A = 0.749200 B = 0.951436 C = 0.229855 D = 0.711180 (fitness = -0.000802)
37: A = 0.749200 B = 0.951436 C = 0.229855 D = 0.709621 (fitness = -0.000802)
38: A = 0.749200 B = 0.951436 C = 0.229855 D = 0.709621 (fitness = -0.000802)
39: A = 0.749200 B = 0.951436 C = 0.229855 D = 0.709621 (fitness = -0.000802)
40: A = 0.749200 B = 0.951436 C = 0.229855 D = 0.709621 (fitness = -0.000802)
41: A = 0.749200 B = 0.951436 C = 0.229855 D = 0.709621 (fitness = -0.000802)
42: A = 0.749200 B = 0.951436 C = 0.229855 D = 0.709621 (fitness = -0.000802)
43: A = 0.749200 B = 0.951436 C = 0.229855 D = 0.709621 (fitness = -0.000802)
44: A = 0.749200 B = 0.951436 C = 0.229855 D = 0.709621 (fitness = -0.000802)
45: A = 0.749200 B = 0.951436 C = 0.229855 D = 0.709621 (fitness = -0.000802)
46: A = 0.749200 B = 0.951436 C = 0.229855 D = 0.709621 (fitness = -0.000802)
47: A = 0.749200 B = 0.951436 C = 0.229855 D = 0.709621 (fitness = -0.000802)
48: A = 0.749200 B = 0.951436 C = 0.229855 D = 0.709621 (fitness = -0.000802)
49: A = 0.749200 B = 0.951436 C = 0.229855 D = 0.709621 (fitness = -0.000802)
50: A = 0.749200 B = 0.951436 C = 0.229855 D = 0.709621 (fitness = -0.000802)
51: A = 0.749200 B = 0.951436 C = 0.229855 D = 0.709621 (fitness = -0.000802)
52: A = 0.749200 B = 0.951436 C = 0.229855 D = 0.709621 (fitness = -0.000802)
53: A = 0.749200 B = 0.951436 C = 0.229855 D = 0.709621 (fitness = -0.000802)
54: A = 0.749200 B = 0.951436 C = 0.229855 D = 0.709621 (fitness = -0.000802)
55: A = 0.749200 B = 0.951436 C = 0.229855 D = 0.709621 (fitness = -0.000802)
56: A = 0.749200 B = 0.951436 C = 0.229855 D = 0.709621 (fitness = -0.000802)
57: A = 0.749200 B = 0.951436 C = 0.229855 D = 0.709621 (fitness = -0.000802)
58: A = 0.749200 B = 0.951436 C = 0.229855 D = 0.709621 (fitness = -0.000802)
59: A = 0.749200 B = 0.951436 C = 0.229855 D = 0.709621 (fitness = -0.000802)
60: A = 0.749200 B = 0.951436 C = 0.229855 D = 0.709621 (fitness = -0.000802)
61: A = 0.749200 B = 0.951436 C = 0.229855 D = 0.709621 (fitness = -0.000802)
62: A = 0.749200 B = 0.951436 C = 0.229855 D = 0.709621 (fitness = -0.000802)
63: A = 0.749200 B = 0.951436 C = 0.229855 D = 0.709621 (fitness = -0.000802)
64: A = 0.749200 B = 0.951436 C = 0.229855 D = 0.709621 (fitness = -0.000802)
65: A = 0.749200 B = 0.951436 C = 0.229855 D = 0.709621 (fitness = -0.000802)
66: A = 0.749200 B = 0.951436 C = 0.229855 D = 0.709621 (fitness = -0.000802)
67: A = 0.749200 B = 0.951436 C = 0.229855 D = 0.709621 (fitness = -0.000802)
68: A = 0.749200 B = 0.951436 C = 0.229855 D = 0.709621 (fitness = -0.000802)
69: A = 0.749200 B = 0.951436 C = 0.229855 D = 0.709621 (fitness = -0.000802)
70: A = 0.749200 B = 0.951436 C = 0.229855 D = 0.709621 (fitness = -0.000802)
71: A = 0.749200 B = 0.951436 C = 0.229855 D = 0.709621 (fitness = -0.000802)
72: A = 0.749200 B = 0.951436 C = 0.229855 D = 0.709621 (fitness = -0.000802)
73: A = 0.749200 B = 0.951436 C = 0.229855 D = 0.709621 (fitness = -0.000802)
74: A = 0.749200 B = 0.951436 C = 0.229855 D = 0.709621 (fitness = -0.000802)
75: A = 0.749200 B = 0.951436 C = 0.229855 D = 0.709621 (fitness = -0.000802)
76: A = 0.749200 B = 0.951436 C = 0.229855 D = 0.709621 (fitness = -0.000802)
77: A = 0.749200 B = 0.951436 C = 0.229855 D = 0.709621 (fitness = -0.000802)
78: A = 0.749200 B = 0.951436 C = 0.229855 D = 0.709621 (fitness = -0.000802)
79: A = 0.749200 B = 0.951436 C = 0.229855 D = 0.709621 (fitness = -0.000802)
80: A = 0.749200 B = 0.951436 C = 0.229855 D = 0.709621 (fitness = -0.000802)
81: A = 0.749200 B = 0.951436 C = 0.229855 D = 0.709621 (fitness = -0.000802)
82: A = 0.749200 B = 0.951436 C = 0.229855 D = 0.709621 (fitness = -0.000802)
83: A = 0.749200 B = 0.951436 C = 0.229855 D = 0.709621 (fitness = -0.000802)
84: A = 0.749200 B = 0.951436 C = 0.229855 D = 0.709621 (fitness = -0.000802)
85: A = 0.749200 B = 0.951436 C = 0.229855 D = 0.709621 (fitness = -0.000802)
86: A = 0.749200 B = 0.951436 C = 0.229855 D = 0.709621 (fitness = -0.000802)
87: A = 0.749200 B = 0.951436 C = 0.229855 D = 0.709621 (fitness = -0.000802)
88: A = 0.749200 B = 0.951436 C = 0.229855 D = 0.709621 (fitness = -0.000802)
89: A = 0.749200 B = 0.951436 C = 0.229855 D = 0.709621 (fitness = -0.000802)
90: A = 0.749200 B = 0.951436 C = 0.229855 D = 0.709621 (fitness = -0.000802)
91: A = 0.749200 B = 0.951436 C = 0.229855 D = 0.709621 (fitness = -0.000802)
92: A = 0.749200 B = 0.951436 C = 0.229855 D = 0.709621 (fitness = -0.000802)
93: A = 0.749200 B = 0.951436 C = 0.229855 D = 0.709621 (fitness = -0.000802)
94: A = 0.749200 B = 0.951436 C = 0.229855 D = 0.709621 (fitness = -0.000802)
95: A = 0.749200 B = 0.951436 C = 0.229855 D = 0.709621 (fitness = -0.000802)
96: A = 0.749200 B = 0.951436 C = 0.229855 D = 0.709621 (fitness = -0.000802)
97: A = 0.749200 B = 0.951436 C = 0.229855 D = 0.709621 (fitness = -0.000802)
98: A = 0.749200 B = 0.951436 C = 0.229855 D = 0.709621 (fitness = -0.000802)
99: A = 0.749200 B = 0.951436 C = 0.229855 D = 0.709621 (fitness = -0.000802)
100: A = 0.749200 B = 0.951436 C = 0.229855 D = 0.709621 (fitness = -0.000802)
101: A = 0.749200 B = 0.951436 C = 0.229855 D = 0.709621 (fitness = -0.000802)
102: A = 0.749200 B = 0.951436 C = 0.229855 D = 0.709621 (fitness = -0.000802)
103: A = 0.749200 B = 0.951436 C = 0.229855 D = 0.709621 (fitness = -0.000802)
104: A = 0.749200 B = 0.951436 C = 0.229855 D = 0.709621 (fitness = -0.000802)
105: A = 0.749200 B = 0.951436 C = 0.229855 D = 0.709621 (fitness = -0.000802)
106: A = 0.749200 B = 0.951436 C = 0.229855 D = 0.709621 (fitness = -0.000802)
107: A = 0.749200 B = 0.951436 C = 0.229855 D = 0.709621 (fitness = -0.000802)
108: A = 0.749200 B = 0.951436 C = 0.229855 D = 0.709621 (fitness = -0.000802)
109: A = 0.749200 B = 0.951436 C = 0.229855 D = 0.709621 (fitness = -0.000802)
110: A = 0.749200 B = 0.951436 C = 0.229855 D = 0.709621 (fitness = -0.000802)
111: A = 0.749200 B = 0.951436 C = 0.229855 D = 0.709621 (fitness = -0.000802)
112: A = 0.749200 B = 0.951436 C = 0.229855 D = 0.709621 (fitness = -0.000802)
113: A = 0.749200 B = 0.951436 C = 0.229855 D = 0.709621 (fitness = -0.000802)
114: A = 0.749200 B = 0.951436 C = 0.229855 D = 0.709621 (fitness = -0.000802)
115: A = 0.749200 B = 0.951436 C = 0.229855 D = 0.709621 (fitness = -0.000802)
116: A = 0.749200 B = 0.951436 C = 0.229855 D = 0.709621 (fitness = -0.000802)
117: A = 0.749200 B = 0.951436 C = 0.229855 D = 0.709621 (fitness = -0.000802)
118: A = 0.749200 B = 0.951436 C = 0.229855 D = 0.709621 (fitness = -0.000802)
119: A = 0.749200 B = 0.951436 C = 0.229855 D = 0.709621 (fitness = -0.000802)
120: A = 0.749200 B = 0.951436 C = 0.229855 D = 0.709621 (fitness = -0.000802)
121: A = 0.749200 B = 0.951436 C = 0.229855 D = 0.709621 (fitness = -0.000802)
122: A = 0.749200 B = 0.951436 C = 0.229855 D = 0.709621 (fitness = -0.000802)
123: A = 0.749200 B = 0.951436 C = 0.229855 D = 0.709621 (fitness = -0.000802)
124: A = 0.749200 B = 0.951436 C = 0.229855 D = 0.709621 (fitness = -0.000802)
125: A = 0.749200 B = 0.951436 C = 0.229855 D = 0.709621 (fitness = -0.000802)
126: A = 0.749200 B = 0.951436 C = 0.229855 D = 0.709621 (fitness = -0.000802)
127: A = 0.749200 B = 0.951436 C = 0.229855 D = 0.709621 (fitness = -0.000802)
128: A = 0.749200 B = 0.951436 C = 0.229855 D = 0.709621 (fitness = -0.000802)
129: A = 0.749200 B = 0.951436 C = 0.229855 D = 0.709621 (fitness = -0.000802)
130: A = 0.749200 B = 0.951436 C = 0.229855 D = 0.709621 (fitness = -0.000802)
131: A = 0.749200 B = 0.951436 C = 0.229855 D = 0.709621 (fitness = -0.000802)
132: A = 0.749200 B = 0.951436 C = 0.229855 D = 0.709621 (fitness = -0.000802)
133: A = 0.749200 B = 0.951436 C = 0.229855 D = 0.709621 (fitness = -0.000802)
134: A = 0.749200 B = 0.951436 C = 0.229855 D = 0.709621 (fitness = -0.000802)
135: A = 0.749200 B = 0.951436 C = 0.229855 D = 0.709621 (fitness = -0.000802)
136: A = 0.749200 B = 0.951436 C = 0.229855 D = 0.709621 (fitness = -0.000802)
137: A = 0.749200 B = 0.951436 C = 0.229855 D = 0.709621 (fitness = -0.000802)
138: A = 0.749200 B = 0.951436 C = 0.229855 D = 0.709621 (fitness = -0.000802)
139: A = 0.749200 B = 0.951436 C = 0.229855 D = 0.709621 (fitness = -0.000802)
140: A = 0.749200 B = 0.951436 C = 0.229855 D = 0.709621 (fitness = -0.000802)
141: A = 0.749200 B = 0.951436 C = 0.229855 D = 0.709621 (fitness = -0.000802)
142: A = 0.749200 B = 0.951436 C = 0.229855 D = 0.709621 (fitness = -0.000802)
143: A = 0.749200 B = 0.951436 C = 0.229855 D = 0.709621 (fitness = -0.000802)
144: A = 0.749200 B = 0.951436 C = 0.229855 D = 0.709621 (fitness = -0.000802)
145: A = 0.749200 B = 0.951436 C = 0.229855 D = 0.709621 (fitness = -0.000802)
146: A = 0.749200 B = 0.951436 C = 0.229855 D = 0.709621 (fitness = -0.000802)
147: A = 0.749200 B = 0.951436 C = 0.229855 D = 0.709621 (fitness = -0.000802)
148: A = 0.749200 B = 0.951436 C = 0.229855 D = 0.709621 (fitness = -0.000802)
149: A = 0.749200 B = 0.951436 C = 0.229855 D = 0.709621 (fitness = -0.000802)
150: A = 0.749200 B = 0.951436 C = 0.229855 D = 0.709621 (fitness = -0.000802)
151: A = 0.749200 B = 0.951436 C = 0.229855 D = 0.709621 (fitness = -0.000802)
152: A = 0.749200 B = 0.951436 C = 0.229855 D = 0.709621 (fitness = -0.000802)
153: A = 0.749200 B = 0.951436 C = 0.229855 D = 0.709621 (fitness = -0.000802)
154: A = 0.749200 B = 0.951436 C = 0.229855 D = 0.709621 (fitness = -0.000802)
155: A = 0.749200 B = 0.951436 C = 0.229855 D = 0.709621 (fitness = -0.000802)
156: A = 0.749200 B = 0.951436 C = 0.229855 D = 0.709621 (fitness = -0.000802)
157: A = 0.749200 B = 0.951436 C = 0.229855 D = 0.709621 (fitness = -0.000802)
158: A = 0.749200 B = 0.951436 C = 0.229855 D = 0.709621 (fitness = -0.000802)
159: A = 0.749200 B = 0.951436 C = 0.229855 D = 0.709621 (fitness = -0.000802)
160: A = 0.749200 B = 0.951436 C = 0.229855 D = 0.709621 (fitness = -0.000802)
161: A = 0.749200 B = 0.951436 C = 0.229855 D = 0.709621 (fitness = -0.000802)
162: A = 0.749200 B = 0.951436 C = 0.229855 D = 0.709621 (fitness = -0.000802)
163: A = 0.749200 B = 0.951436 C = 0.229855 D = 0.709621 (fitness = -0.000802)
164: A = 0.749200 B = 0.951436 C = 0.229855 D = 0.709621 (fitness = -0.000802)
165: A = 0.749200 B = 0.951436 C = 0.229855 D = 0.709621 (fitness = -0.000802)
166: A = 0.749200 B = 0.951436 C = 0.229855 D = 0.709621 (fitness = -0.000802)
167: A = 0.749200 B = 0.951436 C = 0.229855 D = 0.709621 (fitness = -0.000802)
168: A = 0.749200 B = 0.951436 C = 0.229855 D = 0.709621 (fitness = -0.000802)
169: A = 0.749200 B = 0.951436 C = 0.229855 D = 0.709621 (fitness = -0.000802)
170: A = 0.749200 B = 0.951436 C = 0.229855 D = 0.709621 (fitness = -0.000802)
171: A = 0.749200 B = 0.951436 C = 0.229855 D = 0.709621 (fitness = -0.000802)
172: A = 0.749200 B = 0.951436 C = 0.229855 D = 0.709621 (fitness = -0.000802)
173: A = 0.749200 B = 0.951436 C = 0.229855 D = 0.709621 (fitness = -0.000802)
174: A = 0.749200 B = 0.951436 C = 0.229855 D = 0.709621 (fitness = -0.000802)
175: A = 0.749200 B = 0.951436 C = 0.229855 D = 0.709621 (fitness = -0.000802)
176: A = 0.749200 B = 0.951436 C = 0.229855 D = 0.709621 (fitness = -0.000802)
177: A = 0.749200 B = 0.951140 C = 0.229855 D = 0.709621 (fitness = -0.000801)
178: A = 0.749200 B = 0.951140 C = 0.229855 D = 0.709621 (fitness = -0.000801)
179: A = 0.749200 B = 0.951140 C = 0.229855 D = 0.709621 (fitness = -0.000801)
180: A = 0.749200 B = 0.951140 C = 0.229855 D = 0.709621 (fitness = -0.000801)
181: A = 0.749200 B = 0.951140 C = 0.229855 D = 0.709621 (fitness = -0.000801)
182: A = 0.749200 B = 0.951140 C = 0.229855 D = 0.709621 (fitness = -0.000801)
183: A = 0.749200 B = 0.951140 C = 0.229855 D = 0.709621 (fitness = -0.000801)
184: A = 0.749200 B = 0.951140 C = 0.229855 D = 0.709621 (fitness = -0.000801)
185: A = 0.749200 B = 0.951140 C = 0.229855 D = 0.709621 (fitness = -0.000801)
186: A = 0.749200 B = 0.951140 C = 0.229855 D = 0.709621 (fitness = -0.000801)
187: A = 0.749200 B = 0.951140 C = 0.229855 D = 0.709621 (fitness = -0.000801)
188: A = 0.749200 B = 0.951140 C = 0.229855 D = 0.709621 (fitness = -0.000801)
189: A = 0.749200 B = 0.951140 C = 0.229855 D = 0.709621 (fitness = -0.000801)
190: A = 0.749200 B = 0.951140 C = 0.229855 D = 0.709621 (fitness = -0.000801)
191: A = 0.749200 B = 0.951140 C = 0.229855 D = 0.709621 (fitness = -0.000801)
192: A = 0.749200 B = 0.951140 C = 0.229855 D = 0.709621 (fitness = -0.000801)
193: A = 0.749200 B = 0.951140 C = 0.229855 D = 0.709621 (fitness = -0.000801)
194: A = 0.749200 B = 0.951140 C = 0.229855 D = 0.709621 (fitness = -0.000801)
195: A = 0.749200 B = 0.951140 C = 0.229855 D = 0.709621 (fitness = -0.000801)
196: A = 0.749200 B = 0.951140 C = 0.229855 D = 0.709621 (fitness = -0.000801)
197: A = 0.749200 B = 0.951140 C = 0.229855 D = 0.709621 (fitness = -0.000801)
198: A = 0.749200 B = 0.951140 C = 0.229855 D = 0.709621 (fitness = -0.000801)
199: A = 0.749200 B = 0.951140 C = 0.229855 D = 0.709621 (fitness = -0.000801)
200: A = 0.749200 B = 0.951140 C = 0.229855 D = 0.709621 (fitness = -0.000801)
201: A = 0.749200 B = 0.951140 C = 0.229855 D = 0.709621 (fitness = -0.000801)
202: A = 0.749200 B = 0.951140 C = 0.229855 D = 0.709621 (fitness = -0.000801)
203: A = 0.749200 B = 0.951140 C = 0.229855 D = 0.709621 (fitness = -0.000801)
204: A = 0.749200 B = 0.951140 C = 0.229855 D = 0.709621 (fitness = -0.000801)
205: A = 0.749200 B = 0.951140 C = 0.229855 D = 0.709621 (fitness = -0.000801)
206: A = 0.749200 B = 0.951140 C = 0.229855 D = 0.709621 (fitness = -0.000801)
207: A = 0.749200 B = 0.951140 C = 0.229855 D = 0.709621 (fitness = -0.000801)
208: A = 0.749200 B = 0.951140 C = 0.229855 D = 0.709621 (fitness = -0.000801)
209: A = 0.749200 B = 0.951140 C = 0.229855 D = 0.709621 (fitness = -0.000801)
210: A = 0.749200 B = 0.951140 C = 0.229855 D = 0.709621 (fitness = -0.000801)
211: A = 0.749200 B = 0.951140 C = 0.229855 D = 0.709621 (fitness = -0.000801)
212: A = 0.749200 B = 0.951140 C = 0.229855 D = 0.709621 (fitness = -0.000801)
213: A = 0.749200 B = 0.951140 C = 0.229855 D = 0.709621 (fitness = -0.000801)
214: A = 0.749200 B = 0.951140 C = 0.229855 D = 0.709621 (fitness = -0.000801)
215: A = 0.749200 B = 0.951140 C = 0.229855 D = 0.709621 (fitness = -0.000801)
216: A = 0.749200 B = 0.951140 C = 0.229855 D = 0.709621 (fitness = -0.000801)
217: A = 0.749200 B = 0.951140 C = 0.229855 D = 0.709621 (fitness = -0.000801)
218: A = 0.749200 B = 0.951140 C = 0.229855 D = 0.709621 (fitness = -0.000801)
219: A = 0.749200 B = 0.951140 C = 0.229855 D = 0.709621 (fitness = -0.000801)
220: A = 0.749200 B = 0.951140 C = 0.229855 D = 0.709621 (fitness = -0.000801)
221: A = 0.749200 B = 0.951140 C = 0.229855 D = 0.709621 (fitness = -0.000801)
222: A = 0.749200 B = 0.951140 C = 0.229855 D = 0.709621 (fitness = -0.000801)
223: A = 0.749200 B = 0.951140 C = 0.229855 D = 0.709621 (fitness = -0.000801)
224: A = 0.749200 B = 0.951140 C = 0.229855 D = 0.709621 (fitness = -0.000801)
225: A = 0.749200 B = 0.951140 C = 0.229855 D = 0.709621 (fitness = -0.000801)
226: A = 0.749200 B = 0.951140 C = 0.229855 D = 0.709621 (fitness = -0.000801)
227: A = 0.749200 B = 0.951140 C = 0.229855 D = 0.709621 (fitness = -0.000801)
228: A = 0.749200 B = 0.951140 C = 0.229855 D = 0.709621 (fitness = -0.000801)
229: A = 0.749200 B = 0.951140 C = 0.229855 D = 0.709621 (fitness = -0.000801)
230: A = 0.749200 B = 0.951140 C = 0.229855 D = 0.709621 (fitness = -0.000801)
231: A = 0.749200 B = 0.951140 C = 0.229855 D = 0.709621 (fitness = -0.000801)
232: A = 0.749200 B = 0.951140 C = 0.229855 D = 0.709621 (fitness = -0.000801)
233: A = 0.749200 B = 0.951140 C = 0.229855 D = 0.709621 (fitness = -0.000801)
234: A = 0.749200 B = 0.951140 C = 0.229855 D = 0.709621 (fitness = -0.000801)
235: A = 0.749200 B = 0.951140 C = 0.229855 D = 0.709621 (fitness = -0.000801)
236: A = 0.749200 B = 0.951140 C = 0.229855 D = 0.709621 (fitness = -0.000801)
237: A = 0.749200 B = 0.951140 C = 0.229855 D = 0.709621 (fitness = -0.000801)
238: A = 0.749200 B = 0.951140 C = 0.229855 D = 0.709621 (fitness = -0.000801)
239: A = 0.749200 B = 0.951140 C = 0.229855 D = 0.709621 (fitness = -0.000801)
240: A = 0.749200 B = 0.951140 C = 0.229855 D = 0.709621 (fitness = -0.000801)
241: A = 0.749200 B = 0.951140 C = 0.229855 D = 0.709621 (fitness = -0.000801)
242: A = 0.749200 B = 0.951140 C = 0.229855 D = 0.709621 (fitness = -0.000801)
243: A = 0.749200 B = 0.951140 C = 0.229855 D = 0.709621 (fitness = -0.000801)
244: A = 0.749200 B = 0.951140 C = 0.229855 D = 0.709621 (fitness = -0.000801)
245: A = 0.749200 B = 0.951140 C = 0.229855 D = 0.709621 (fitness = -0.000801)
246: A = 0.749200 B = 0.951140 C = 0.229855 D = 0.709621 (fitness = -0.000801)
247: A = 0.749200 B = 0.951140 C = 0.229855 D = 0.709621 (fitness = -0.000801)
248: A = 0.749200 B = 0.951140 C = 0.229855 D = 0.709621 (fitness = -0.000801)
249: A = 0.749200 B = 0.951140 C = 0.229855 D = 0.709621 (fitness = -0.000801)
250: A = 0.749200 B = 0.951140 C = 0.229855 D = 0.709621 (fitness = -0.000801)
251: A = 0.749200 B = 0.951140 C = 0.229855 D = 0.709621 (fitness = -0.000801)
252: A = 0.749200 B = 0.951140 C = 0.229855 D = 0.709621 (fitness = -0.000801)
253: A = 0.749200 B = 0.951140 C = 0.229855 D = 0.709621 (fitness = -0.000801)
254: A = 0.749200 B = 0.951140 C = 0.229855 D = 0.709621 (fitness = -0.000801)
255: A = 0.749200 B = 0.951140 C = 0.229855 D = 0.709621 (fitness = -0.000801)
256: A = 0.749200 B = 0.951140 C = 0.229855 D = 0.709621 (fitness = -0.000801)
257: A = 0.749200 B = 0.951140 C = 0.229855 D = 0.709621 (fitness = -0.000801)
258: A = 0.749200 B = 0.951140 C = 0.229855 D = 0.709621 (fitness = -0.000801)
259: A = 0.749200 B = 0.951140 C = 0.229855 D = 0.709621 (fitness = -0.000801)
260: A = 0.749200 B = 0.951140 C = 0.229855 D = 0.709621 (fitness = -0.000801)
261: A = 0.749200 B = 0.951140 C = 0.229855 D = 0.709621 (fitness = -0.000801)
262: A = 0.749200 B = 0.951140 C = 0.229855 D = 0.709621 (fitness = -0.000801)
263: A = 0.749200 B = 0.951140 C = 0.229855 D = 0.709621 (fitness = -0.000801)
264: A = 0.749200 B = 0.951140 C = 0.229855 D = 0.709621 (fitness = -0.000801)
265: A = 0.749200 B = 0.951140 C = 0.229855 D = 0.709621 (fitness = -0.000801)
266: A = 0.749200 B = 0.951140 C = 0.229855 D = 0.709621 (fitness = -0.000801)
267: A = 0.749200 B = 0.951140 C = 0.229855 D = 0.709621 (fitness = -0.000801)
268: A = 0.750618 B = 0.951140 C = 0.229855 D = 0.709621 (fitness = -0.000620)
269: A = 0.750618 B = 0.951140 C = 0.229855 D = 0.709621 (fitness = -0.000620)
270: A = 0.750618 B = 0.951140 C = 0.229855 D = 0.709621 (fitness = -0.000620)
271: A = 0.750618 B = 0.951140 C = 0.229855 D = 0.709621 (fitness = -0.000620)
272: A = 0.750618 B = 0.951140 C = 0.229855 D = 0.709621 (fitness = -0.000620)
273: A = 0.750618 B = 0.951140 C = 0.229855 D = 0.709621 (fitness = -0.000620)
274: A = 0.750618 B = 0.951140 C = 0.229855 D = 0.709621 (fitness = -0.000620)
275: A = 0.750618 B = 0.951140 C = 0.229855 D = 0.709621 (fitness = -0.000620)
276: A = 0.750618 B = 0.951140 C = 0.229855 D = 0.709621 (fitness = -0.000620)
277: A = 0.750618 B = 0.951140 C = 0.229855 D = 0.709621 (fitness = -0.000620)
278: A = 0.750618 B = 0.951140 C = 0.229855 D = 0.709621 (fitness = -0.000620)
279: A = 0.750618 B = 0.951140 C = 0.229855 D = 0.709621 (fitness = -0.000620)
280: A = 0.750618 B = 0.951140 C = 0.229855 D = 0.709621 (fitness = -0.000620)
281: A = 0.750618 B = 0.951140 C = 0.229855 D = 0.709621 (fitness = -0.000620)
282: A = 0.750618 B = 0.951140 C = 0.229855 D = 0.709621 (fitness = -0.000620)
283: A = 0.750618 B = 0.951140 C = 0.229855 D = 0.709621 (fitness = -0.000620)
284: A = 0.750618 B = 0.951140 C = 0.229855 D = 0.709621 (fitness = -0.000620)
285: A = 0.750618 B = 0.951140 C = 0.229855 D = 0.709621 (fitness = -0.000620)
286: A = 0.750618 B = 0.951140 C = 0.229855 D = 0.709621 (fitness = -0.000620)
287: A = 0.750618 B = 0.951140 C = 0.229855 D = 0.709621 (fitness = -0.000620)
288: A = 0.750618 B = 0.951140 C = 0.229855 D = 0.709621 (fitness = -0.000620)
289: A = 0.750618 B = 0.951140 C = 0.229855 D = 0.709621 (fitness = -0.000620)
290: A = 0.750618 B = 0.951140 C = 0.229855 D = 0.709621 (fitness = -0.000620)
291: A = 0.750618 B = 0.951140 C = 0.229855 D = 0.709621 (fitness = -0.000620)
292: A = 0.750618 B = 0.951140 C = 0.229855 D = 0.709621 (fitness = -0.000620)
293: A = 0.750618 B = 0.951140 C = 0.229855 D = 0.709621 (fitness = -0.000620)
294: A = 0.750618 B = 0.951140 C = 0.229855 D = 0.709621 (fitness = -0.000620)
295: A = 0.750618 B = 0.951140 C = 0.229855 D = 0.709621 (fitness = -0.000620)
296: A = 0.750618 B = 0.951140 C = 0.229855 D = 0.709621 (fitness = -0.000620)
297: A = 0.750618 B = 0.951140 C = 0.229855 D = 0.709621 (fitness = -0.000620)
298: A = 0.750618 B = 0.951140 C = 0.229855 D = 0.709621 (fitness = -0.000620)
299: A = 0.750618 B = 0.951140 C = 0.229855 D = 0.709621 (fitness = -0.000620)
300: A = 0.750618 B = 0.951140 C = 0.229855 D = 0.709621 (fitness = -0.000620)
301: A = 0.750618 B = 0.951140 C = 0.229855 D = 0.709621 (fitness = -0.000620)
302: A = 0.750618 B = 0.951140 C = 0.229855 D = 0.709621 (fitness = -0.000620)
303: A = 0.750618 B = 0.951140 C = 0.229855 D = 0.709621 (fitness = -0.000620)
304: A = 0.750618 B = 0.951140 C = 0.229855 D = 0.709621 (fitness = -0.000620)
305: A = 0.750618 B = 0.951140 C = 0.229855 D = 0.709621 (fitness = -0.000620)
306: A = 0.750618 B = 0.951140 C = 0.229855 D = 0.709621 (fitness = -0.000620)
307: A = 0.750618 B = 0.951140 C = 0.229855 D = 0.709621 (fitness = -0.000620)
308: A = 0.750618 B = 0.951140 C = 0.229855 D = 0.709621 (fitness = -0.000620)
309: A = 0.750618 B = 0.951140 C = 0.229855 D = 0.709621 (fitness = -0.000620)
310: A = 0.750618 B = 0.951140 C = 0.229855 D = 0.709621 (fitness = -0.000620)
311: A = 0.750618 B = 0.951140 C = 0.229855 D = 0.709621 (fitness = -0.000620)
312: A = 0.750618 B = 0.951140 C = 0.229855 D = 0.709621 (fitness = -0.000620)
313: A = 0.750618 B = 0.951140 C = 0.229855 D = 0.709621 (fitness = -0.000620)
314: A = 0.750618 B = 0.951140 C = 0.229855 D = 0.709621 (fitness = -0.000620)
315: A = 0.750618 B = 0.951140 C = 0.229855 D = 0.709621 (fitness = -0.000620)
316: A = 0.750618 B = 0.951140 C = 0.229855 D = 0.709621 (fitness = -0.000620)
317: A = 0.750618 B = 0.951140 C = 0.229855 D = 0.709621 (fitness = -0.000620)
318: A = 0.750618 B = 0.951140 C = 0.229855 D = 0.709621 (fitness = -0.000620)
319: A = 0.750618 B = 0.951140 C = 0.229855 D = 0.709621 (fitness = -0.000620)
320: A = 0.750618 B = 0.951140 C = 0.229855 D = 0.709621 (fitness = -0.000620)
321: A = 0.750618 B = 0.951140 C = 0.229855 D = 0.709621 (fitness = -0.000620)
322: A = 0.750618 B = 0.951140 C = 0.229855 D = 0.709621 (fitness = -0.000620)
323: A = 0.750618 B = 0.951140 C = 0.229855 D = 0.709621 (fitness = -0.000620)
324: A = 0.750618 B = 0.951140 C = 0.229855 D = 0.709621 (fitness = -0.000620)
325: A = 0.750618 B = 0.951140 C = 0.229855 D = 0.709621 (fitness = -0.000620)
326: A = 0.750618 B = 0.951140 C = 0.229855 D = 0.709621 (fitness = -0.000620)
327: A = 0.750618 B = 0.951140 C = 0.229855 D = 0.709621 (fitness = -0.000620)
328: A = 0.750618 B = 0.951140 C = 0.229855 D = 0.709621 (fitness = -0.000620)
329: A = 0.750618 B = 0.951140 C = 0.229855 D = 0.709621 (fitness = -0.000620)
330: A = 0.750618 B = 0.951140 C = 0.229855 D = 0.709621 (fitness = -0.000620)
331: A = 0.750618 B = 0.951140 C = 0.229855 D = 0.709621 (fitness = -0.000620)
332: A = 0.750618 B = 0.951140 C = 0.229855 D = 0.709621 (fitness = -0.000620)
333: A = 0.750618 B = 0.951140 C = 0.229855 D = 0.709621 (fitness = -0.000620)
334: A = 0.750618 B = 0.951140 C = 0.229855 D = 0.709621 (fitness = -0.000620)
335: A = 0.750618 B = 0.951140 C = 0.229855 D = 0.709621 (fitness = -0.000620)
336: A = 0.750618 B = 0.951140 C = 0.229855 D = 0.709621 (fitness = -0.000620)
337: A = 0.750618 B = 0.951140 C = 0.229855 D = 0.709621 (fitness = -0.000620)
338: A = 0.750618 B = 0.951140 C = 0.229855 D = 0.709621 (fitness = -0.000620)
339: A = 0.750618 B = 0.951140 C = 0.229855 D = 0.709621 (fitness = -0.000620)
340: A = 0.750618 B = 0.951140 C = 0.229855 D = 0.709621 (fitness = -0.000620)
341: A = 0.750618 B = 0.951140 C = 0.229855 D = 0.709621 (fitness = -0.000620)
342: A = 0.750618 B = 0.951140 C = 0.229855 D = 0.709621 (fitness = -0.000620)
343: A = 0.750618 B = 0.951140 C = 0.229855 D = 0.709621 (fitness = -0.000620)
344: A = 0.750618 B = 0.951140 C = 0.229855 D = 0.709621 (fitness = -0.000620)
345: A = 0.750618 B = 0.951140 C = 0.229855 D = 0.709621 (fitness = -0.000620)
346: A = 0.750618 B = 0.951140 C = 0.229855 D = 0.709621 (fitness = -0.000620)
347: A = 0.750618 B = 0.951140 C = 0.229855 D = 0.709621 (fitness = -0.000620)
348: A = 0.750618 B = 0.951140 C = 0.229855 D = 0.709621 (fitness = -0.000620)
349: A = 0.750618 B = 0.951140 C = 0.229855 D = 0.709621 (fitness = -0.000620)
350: A = 0.750618 B = 0.951140 C = 0.229855 D = 0.709621 (fitness = -0.000620)
351: A = 0.750618 B = 0.951140 C = 0.229855 D = 0.709621 (fitness = -0.000620)
352: A = 0.750618 B = 0.951140 C = 0.229855 D = 0.709621 (fitness = -0.000620)
353: A = 0.750618 B = 0.951140 C = 0.229855 D = 0.709621 (fitness = -0.000620)
354: A = 0.750618 B = 0.951140 C = 0.229855 D = 0.709621 (fitness = -0.000620)
355: A = 0.750618 B = 0.951140 C = 0.229855 D = 0.709621 (fitness = -0.000620)
356: A = 0.750618 B = 0.951140 C = 0.229855 D = 0.709621 (fitness = -0.000620)
357: A = 0.750618 B = 0.951140 C = 0.229855 D = 0.709621 (fitness = -0.000620)
358: A = 0.750618 B = 0.951140 C = 0.229855 D = 0.709621 (fitness = -0.000620)
359: A = 0.750618 B = 0.951140 C = 0.229855 D = 0.709621 (fitness = -0.000620)
360: A = 0.750618 B = 0.951140 C = 0.229855 D = 0.709621 (fitness = -0.000620)
361: A = 0.750618 B = 0.951140 C = 0.229855 D = 0.709621 (fitness = -0.000620)
362: A = 0.750618 B = 0.951140 C = 0.229855 D = 0.709621 (fitness = -0.000620)
363: A = 0.750618 B = 0.949208 C = 0.229855 D = 0.709621 (fitness = -0.000619)
364: A = 0.750618 B = 0.949208 C = 0.229855 D = 0.709621 (fitness = -0.000619)
365: A = 0.750618 B = 0.949208 C = 0.229855 D = 0.709621 (fitness = -0.000619)
366: A = 0.750618 B = 0.949208 C = 0.229855 D = 0.709621 (fitness = -0.000619)
367: A = 0.750618 B = 0.949208 C = 0.229855 D = 0.709621 (fitness = -0.000619)
368: A = 0.750618 B = 0.949208 C = 0.229855 D = 0.709621 (fitness = -0.000619)
369: A = 0.750618 B = 0.949208 C = 0.229855 D = 0.709621 (fitness = -0.000619)
370: A = 0.750618 B = 0.949208 C = 0.229855 D = 0.709621 (fitness = -0.000619)
371: A = 0.750618 B = 0.949208 C = 0.229855 D = 0.709621 (fitness = -0.000619)
372: A = 0.750618 B = 0.949208 C = 0.229855 D = 0.709621 (fitness = -0.000619)
373: A = 0.750618 B = 0.949208 C = 0.229855 D = 0.709621 (fitness = -0.000619)
374: A = 0.750618 B = 0.949208 C = 0.229855 D = 0.710106 (fitness = -0.000619)
375: A = 0.750618 B = 0.949208 C = 0.229855 D = 0.710106 (fitness = -0.000619)
376: A = 0.750618 B = 0.949208 C = 0.229855 D = 0.710106 (fitness = -0.000619)
377: A = 0.750618 B = 0.949208 C = 0.229855 D = 0.710106 (fitness = -0.000619)
378: A = 0.750618 B = 0.949208 C = 0.229855 D = 0.710106 (fitness = -0.000619)
379: A = 0.750618 B = 0.949208 C = 0.229855 D = 0.710106 (fitness = -0.000619)
380: A = 0.750618 B = 0.949208 C = 0.229855 D = 0.710106 (fitness = -0.000619)
381: A = 0.750618 B = 0.949208 C = 0.229855 D = 0.710106 (fitness = -0.000619)
382: A = 0.750618 B = 0.949208 C = 0.229855 D = 0.710106 (fitness = -0.000619)
383: A = 0.750618 B = 0.949208 C = 0.229855 D = 0.710106 (fitness = -0.000619)
384: A = 0.750618 B = 0.949208 C = 0.229855 D = 0.710106 (fitness = -0.000619)
385: A = 0.750618 B = 0.949208 C = 0.229855 D = 0.710106 (fitness = -0.000619)
386: A = 0.750618 B = 0.949208 C = 0.229855 D = 0.710106 (fitness = -0.000619)
387: A = 0.750618 B = 0.949208 C = 0.229855 D = 0.710106 (fitness = -0.000619)
388: A = 0.750618 B = 0.949208 C = 0.229855 D = 0.710106 (fitness = -0.000619)
389: A = 0.750618 B = 0.949208 C = 0.229855 D = 0.710106 (fitness = -0.000619)
390: A = 0.750618 B = 0.949208 C = 0.229855 D = 0.710106 (fitness = -0.000619)
391: A = 0.750618 B = 0.949208 C = 0.229855 D = 0.710106 (fitness = -0.000619)
392: A = 0.750618 B = 0.949208 C = 0.229855 D = 0.710106 (fitness = -0.000619)
393: A = 0.750618 B = 0.949208 C = 0.229855 D = 0.710106 (fitness = -0.000619)
394: A = 0.750618 B = 0.949208 C = 0.229855 D = 0.710106 (fitness = -0.000619)
395: A = 0.750618 B = 0.949208 C = 0.229855 D = 0.710106 (fitness = -0.000619)
396: A = 0.750618 B = 0.949208 C = 0.229855 D = 0.710106 (fitness = -0.000619)
397: A = 0.750618 B = 0.949208 C = 0.229855 D = 0.710106 (fitness = -0.000619)
398: A = 0.750618 B = 0.949208 C = 0.229855 D = 0.710106 (fitness = -0.000619)
399: A = 0.750618 B = 0.949208 C = 0.229855 D = 0.710106 (fitness = -0.000619)
400: A = 0.750618 B = 0.949208 C = 0.229855 D = 0.710106 (fitness = -0.000619)
401: A = 0.750618 B = 0.949208 C = 0.229855 D = 0.710106 (fitness = -0.000619)
402: A = 0.750618 B = 0.949208 C = 0.229855 D = 0.710106 (fitness = -0.000619)
403: A = 0.750618 B = 0.949208 C = 0.229855 D = 0.710106 (fitness = -0.000619)
404: A = 0.750618 B = 0.949208 C = 0.229855 D = 0.710106 (fitness = -0.000619)
405: A = 0.750618 B = 0.949208 C = 0.229855 D = 0.710106 (fitness = -0.000619)
406: A = 0.750618 B = 0.949208 C = 0.229855 D = 0.710106 (fitness = -0.000619)
407: A = 0.750618 B = 0.949208 C = 0.229855 D = 0.710106 (fitness = -0.000619)
408: A = 0.750618 B = 0.949208 C = 0.229855 D = 0.710106 (fitness = -0.000619)
409: A = 0.750618 B = 0.949208 C = 0.229855 D = 0.710106 (fitness = -0.000619)
410: A = 0.750618 B = 0.949208 C = 0.229855 D = 0.710106 (fitness = -0.000619)
411: A = 0.750618 B = 0.949208 C = 0.229855 D = 0.710106 (fitness = -0.000619)
412: A = 0.750618 B = 0.949208 C = 0.229855 D = 0.710106 (fitness = -0.000619)
413: A = 0.750618 B = 0.949208 C = 0.229855 D = 0.710106 (fitness = -0.000619)
414: A = 0.750618 B = 0.949208 C = 0.229855 D = 0.710106 (fitness = -0.000619)
415: A = 0.750618 B = 0.949208 C = 0.229855 D = 0.710106 (fitness = -0.000619)
416: A = 0.750618 B = 0.949208 C = 0.229855 D = 0.710106 (fitness = -0.000619)
417: A = 0.750618 B = 0.949208 C = 0.229855 D = 0.710106 (fitness = -0.000619)
418: A = 0.750618 B = 0.949208 C = 0.229855 D = 0.710106 (fitness = -0.000619)
419: A = 0.750618 B = 0.949208 C = 0.229855 D = 0.710106 (fitness = -0.000619)
420: A = 0.750618 B = 0.949208 C = 0.229855 D = 0.710106 (fitness = -0.000619)
421: A = 0.750618 B = 0.949208 C = 0.229855 D = 0.710106 (fitness = -0.000619)
422: A = 0.750618 B = 0.949208 C = 0.229855 D = 0.710106 (fitness = -0.000619)
423: A = 0.750618 B = 0.949208 C = 0.229855 D = 0.710106 (fitness = -0.000619)
424: A = 0.750618 B = 0.949208 C = 0.229855 D = 0.710106 (fitness = -0.000619)
425: A = 0.750618 B = 0.949208 C = 0.229855 D = 0.710106 (fitness = -0.000619)
426: A = 0.750618 B = 0.949208 C = 0.229855 D = 0.710106 (fitness = -0.000619)
427: A = 0.750618 B = 0.949208 C = 0.229855 D = 0.710106 (fitness = -0.000619)
428: A = 0.750618 B = 0.949208 C = 0.229855 D = 0.710106 (fitness = -0.000619)
429: A = 0.750618 B = 0.949208 C = 0.229855 D = 0.710106 (fitness = -0.000619)
430: A = 0.750618 B = 0.949208 C = 0.229855 D = 0.710106 (fitness = -0.000619)
431: A = 0.750618 B = 0.949208 C = 0.229855 D = 0.710106 (fitness = -0.000619)
432: A = 0.750618 B = 0.949208 C = 0.229855 D = 0.710106 (fitness = -0.000619)
433: A = 0.750618 B = 0.949208 C = 0.229855 D = 0.710106 (fitness = -0.000619)
434: A = 0.750618 B = 0.949208 C = 0.229855 D = 0.710106 (fitness = -0.000619)
435: A = 0.750618 B = 0.949208 C = 0.229855 D = 0.710106 (fitness = -0.000619)
436: A = 0.750618 B = 0.949208 C = 0.229855 D = 0.710106 (fitness = -0.000619)
437: A = 0.750618 B = 0.949208 C = 0.229855 D = 0.710106 (fitness = -0.000619)
438: A = 0.750618 B = 0.949208 C = 0.229855 D = 0.710106 (fitness = -0.000619)
439: A = 0.750618 B = 0.949208 C = 0.229855 D = 0.710106 (fitness = -0.000619)
440: A = 0.750618 B = 0.949208 C = 0.229855 D = 0.710106 (fitness = -0.000619)
441: A = 0.750618 B = 0.949208 C = 0.229855 D = 0.710106 (fitness = -0.000619)
442: A = 0.750618 B = 0.949208 C = 0.229855 D = 0.710106 (fitness = -0.000619)
443: A = 0.750618 B = 0.949208 C = 0.229855 D = 0.710106 (fitness = -0.000619)
444: A = 0.750618 B = 0.949208 C = 0.229855 D = 0.710106 (fitness = -0.000619)
445: A = 0.750618 B = 0.949208 C = 0.229855 D = 0.710106 (fitness = -0.000619)
446: A = 0.750618 B = 0.949208 C = 0.229855 D = 0.710106 (fitness = -0.000619)
447: A = 0.750618 B = 0.949208 C = 0.229855 D = 0.710106 (fitness = -0.000619)
448: A = 0.750618 B = 0.949208 C = 0.229855 D = 0.710106 (fitness = -0.000619)
449: A = 0.750618 B = 0.949208 C = 0.229855 D = 0.710106 (fitness = -0.000619)
450: A = 0.750618 B = 0.949208 C = 0.229855 D = 0.710106 (fitness = -0.000619)
451: A = 0.750618 B = 0.949208 C = 0.229855 D = 0.710106 (fitness = -0.000619)
452: A = 0.750618 B = 0.949208 C = 0.229855 D = 0.710106 (fitness = -0.000619)
453: A = 0.750618 B = 0.949208 C = 0.229855 D = 0.710106 (fitness = -0.000619)
454: A = 0.750618 B = 0.949208 C = 0.229855 D = 0.710106 (fitness = -0.000619)
455: A = 0.750618 B = 0.949208 C = 0.229855 D = 0.710106 (fitness = -0.000619)
456: A = 0.750618 B = 0.949208 C = 0.229855 D = 0.710106 (fitness = -0.000619)
457: A = 0.750618 B = 0.949208 C = 0.229855 D = 0.710106 (fitness = -0.000619)
458: A = 0.750618 B = 0.949208 C = 0.229855 D = 0.710106 (fitness = -0.000619)
459: A = 0.750618 B = 0.949208 C = 0.229855 D = 0.710106 (fitness = -0.000619)
460: A = 0.750618 B = 0.949208 C = 0.229855 D = 0.710106 (fitness = -0.000619)
461: A = 0.750618 B = 0.949208 C = 0.229855 D = 0.710106 (fitness = -0.000619)
462: A = 0.750618 B = 0.949208 C = 0.229855 D = 0.710106 (fitness = -0.000619)
463: A = 0.750618 B = 0.949208 C = 0.229855 D = 0.710106 (fitness = -0.000619)
464: A = 0.750618 B = 0.949208 C = 0.229855 D = 0.710106 (fitness = -0.000619)
465: A = 0.750618 B = 0.949208 C = 0.229855 D = 0.710106 (fitness = -0.000619)
466: A = 0.750618 B = 0.949208 C = 0.229855 D = 0.710106 (fitness = -0.000619)
467: A = 0.750618 B = 0.949208 C = 0.229855 D = 0.710106 (fitness = -0.000619)
468: A = 0.750618 B = 0.949208 C = 0.229855 D = 0.710106 (fitness = -0.000619)
469: A = 0.750618 B = 0.949208 C = 0.229855 D = 0.710106 (fitness = -0.000619)
470: A = 0.750618 B = 0.949208 C = 0.229855 D = 0.710106 (fitness = -0.000619)
471: A = 0.750618 B = 0.949208 C = 0.229855 D = 0.710106 (fitness = -0.000619)
472: A = 0.750618 B = 0.949208 C = 0.229855 D = 0.710106 (fitness = -0.000619)
473: A = 0.750618 B = 0.949208 C = 0.229855 D = 0.710106 (fitness = -0.000619)
474: A = 0.750618 B = 0.949208 C = 0.229855 D = 0.710106 (fitness = -0.000619)
475: A = 0.750618 B = 0.949208 C = 0.229855 D = 0.710106 (fitness = -0.000619)
476: A = 0.750618 B = 0.949208 C = 0.229855 D = 0.710106 (fitness = -0.000619)
477: A = 0.750618 B = 0.949208 C = 0.229855 D = 0.710106 (fitness = -0.000619)
478: A = 0.750618 B = 0.949208 C = 0.229855 D = 0.710106 (fitness = -0.000619)
479: A = 0.750618 B = 0.949208 C = 0.229855 D = 0.710106 (fitness = -0.000619)
480: A = 0.750618 B = 0.949208 C = 0.229855 D = 0.710106 (fitness = -0.000619)
481: A = 0.750618 B = 0.949208 C = 0.229855 D = 0.710106 (fitness = -0.000619)
482: A = 0.750618 B = 0.949208 C = 0.229855 D = 0.710106 (fitness = -0.000619)
483: A = 0.750618 B = 0.949208 C = 0.229855 D = 0.710106 (fitness = -0.000619)
484: A = 0.750618 B = 0.949208 C = 0.229855 D = 0.710106 (fitness = -0.000619)
485: A = 0.750618 B = 0.949208 C = 0.229855 D = 0.710106 (fitness = -0.000619)
486: A = 0.750618 B = 0.949208 C = 0.229855 D = 0.710106 (fitness = -0.000619)
487: A = 0.750618 B = 0.949208 C = 0.229855 D = 0.710106 (fitness = -0.000619)
488: A = 0.750618 B = 0.949208 C = 0.229855 D = 0.710106 (fitness = -0.000619)
489: A = 0.750618 B = 0.949208 C = 0.229855 D = 0.710106 (fitness = -0.000619)
490: A = 0.750618 B = 0.949208 C = 0.229855 D = 0.710106 (fitness = -0.000619)
491: A = 0.750618 B = 0.949208 C = 0.229855 D = 0.710106 (fitness = -0.000619)
492: A = 0.750618 B = 0.949208 C = 0.229855 D = 0.710106 (fitness = -0.000619)
493: A = 0.750618 B = 0.949208 C = 0.229855 D = 0.710106 (fitness = -0.000619)
494: A = 0.750618 B = 0.949208 C = 0.229855 D = 0.710106 (fitness = -0.000619)
495: A = 0.750618 B = 0.949208 C = 0.229855 D = 0.710106 (fitness = -0.000619)
496: A = 0.750618 B = 0.949208 C = 0.229855 D = 0.710106 (fitness = -0.000619)
497: A = 0.750618 B = 0.949208 C = 0.229855 D = 0.710106 (fitness = -0.000619)
498: A = 0.750618 B = 0.949208 C = 0.229855 D = 0.710106 (fitness = -0.000619)
499: A = 0.750618 B = 0.949208 C = 0.229855 D = 0.710106 (fitness = -0.000619)
500: A = 0.750618 B = 0.949208 C = 0.229855 D = 0.710106 (fitness = -0.000619)
