Strategy DE/best/1/exp (DE0) ; C = 0.800000 ; F = 0.500000
0: A = 0.595652 B = 1.786957 C = 1.360871 D = 0.082614 (fitness = -2.456013)
10: A = 0.743578 B = 0.968600 C = 0.148388 D = 0.610214 (fitness = -0.007411)
20: A = 0.750007 B = 0.948316 C = 0.204441 D = 0.661018 (fitness = -0.000033)
30: A = 0.749999 B = 0.950214 C = 0.229436 D = 0.684126 (fitness = -0.000001)
40: A = 0.750000 B = 0.949977 C = 0.230704 D = 0.704709 (fitness = -0.000000)
50: A = 0.750000 B = 0.949995 C = 0.229975 D = 0.708720 (fitness = -0.000000)
Final: A = 0.750000 B = 0.949999 C = 0.229895 D = 0.708769 (fitness = -0.000000)
Strategy DE/best/1/exp (DE0) ; C = 0.800000 ; F = rand( 2.000000, 0.000000 )
0: A = 0.715846 B = 1.133361 C = 0.545993 D = 1.805723 (fitness = -1.540790)
10: A = 0.748475 B = 0.925070 C = 0.218349 D = 0.543103 (fitness = -0.002924)
20: A = 0.750098 B = 0.948395 C = 0.248624 D = 0.670141 (fitness = -0.000109)
30: A = 0.749999 B = 0.949459 C = 0.232194 D = 0.674361 (fitness = -0.000002)
40: A = 0.750000 B = 0.949965 C = 0.231227 D = 0.705333 (fitness = -0.000000)
50: A = 0.750000 B = 0.949996 C = 0.230223 D = 0.709751 (fitness = -0.000000)
Final: A = 0.750000 B = 0.949996 C = 0.230259 D = 0.709804 (fitness = -0.000000)
Strategy DE/best/2/exp ; C = 0.800000 ; F = 0.500000
0: A = 1.841025 B = 1.070975 C = 1.791766 D = 0.083248 (fitness = -5.069289)
10: A = 0.655028 B = 0.934839 C = 0.466486 D = 0.938637 (fitness = -0.111160)
20: A = 0.752540 B = 0.997024 C = 0.236503 D = 0.820422 (fitness = -0.004900)
30: A = 0.750233 B = 0.950876 C = 0.205649 D = 0.675391 (fitness = -0.000250)
40: A = 0.750000 B = 0.950001 C = 0.224551 D = 0.705625 (fitness = -0.000000)
50: A = 0.750000 B = 0.950028 C = 0.226808 D = 0.716718 (fitness = -0.000000)
Final: A = 0.750000 B = 0.950074 C = 0.231471 D = 0.703586 (fitness = -0.000000)
Strategy DE/best/2/exp ; C = 0.800000 ; F = rand( 2.000000, 0.000000 )
0: A = 0.659360 B = 0.375004 C = 1.416545 D = 1.513282 (fitness = -2.508147)
10: A = 0.720253 B = 0.766920 C = 0.095325 D = 0.403323 (fitness = -0.074553)
20: A = 0.750214 B = 0.935837 C = 0.154461 D = 0.654907 (fitness = -0.000855)
30: A = 0.750214 B = 0.935837 C = 0.154461 D = 0.654907 (fitness = -0.000855)
40: A = 0.749952 B = 0.949516 C = 0.206864 D = 0.703620 (fitness = -0.000061)
50: A = 0.750000 B = 0.949741 C = 0.230995 D = 0.711348 (fitness = -0.000000)
Final: A = 0.750000 B = 0.950014 C = 0.231580 D = 0.711764 (fitness = -0.000000)
Strategy 'DE/best/3/exp' ; C = 0.800000 ; F = 0.500000
0: A = 0.726223 B = 1.531103 C = 1.497173 D = 0.059361 (fitness = -2.575402)
10: A = 0.726223 B = 0.298158 C = 0.434059 D = 0.593795 (fitness = -0.457354)
20: A = 0.712148 B = 0.877716 C = 0.262139 D = 0.990831 (fitness = -0.049330)
30: A = 0.744080 B = 0.924093 C = 0.239632 D = 0.736372 (fitness = -0.006592)
40: A = 0.748817 B = 0.965259 C = 0.240722 D = 0.615816 (fitness = -0.001495)
50: A = 0.750055 B = 0.952275 C = 0.240722 D = 0.727557 (fitness = -0.000062)
Final: A = 0.749982 B = 0.953605 C = 0.221147 D = 0.747799 (fitness = -0.000034)
Strategy 'DE/best/3/exp' ; C = 0.800000 ; F = rand( 2.000000, 0.000000 )
0: A = 1.174399 B = 0.339803 C = 0.423118 D = 1.829650 (fitness = -2.375494)
10: A = 0.044067 B = 0.426492 C = 0.148346 D = 0.775763 (fitness = -0.980556)
20: A = 1.066386 B = 0.922933 C = 0.667926 D = 0.699004 (fitness = -0.401104)
30: A = 0.722844 B = 0.947100 C = 0.160234 D = 0.699004 (fitness = -0.027504)
40: A = 0.748792 B = 0.983966 C = 0.230681 D = 0.739470 (fitness = -0.002363)
50: A = 0.750201 B = 0.954354 C = 0.322344 D = 0.597635 (fitness = -0.001167)
Final: A = 0.750010 B = 0.955277 C = 0.231736 D = 0.653666 (fitness = -0.000048)
Strategy DE/rand/1/exp (DE1) ; C = 0.800000 ; F = 0.500000
0: A = 0.754876 B = 0.896935 C = 1.618295 D = 0.230253 (fitness = -2.736415)
10: A = 0.744971 B = 0.884973 C = 0.593563 D = 1.089047 (fitness = -0.077956)
20: A = 0.739029 B = 0.935763 C = 0.199116 D = 0.729133 (fitness = -0.011203)
30: A = 0.750290 B = 0.933222 C = 0.244821 D = 0.634629 (fitness = -0.000607)
40: A = 0.749859 B = 0.941294 C = 0.258181 D = 0.678679 (fitness = -0.000240)
50: A = 0.750008 B = 0.949514 C = 0.234401 D = 0.724839 (fitness = -0.000009)
Final: A = 0.750000 B = 0.950102 C = 0.228228 D = 0.705991 (fitness = -0.000000)
Strategy DE/rand/1/exp (DE1) ; C = 0.800000 ; F = rand( 2.000000, 0.000000 )
0: A = 0.188451 B = 0.061489 C = 0.442315 D = 0.878970 (fitness = -1.361387)
10: A = 0.857032 B = 0.844512 C = 0.507689 D = 1.319605 (fitness = -0.277673)
20: A = 0.821042 B = 1.045291 C = 0.430808 D = 0.761357 (fitness = -0.088226)
30: A = 0.743325 B = 0.750952 C = 0.390759 D = 0.469250 (fitness = -0.053810)
40: A = 0.756034 B = 0.973726 C = 0.139124 D = 0.695941 (fitness = -0.007348)
50: A = 0.749500 B = 0.950536 C = 0.253134 D = 0.581712 (fitness = -0.000784)
Final: A = 0.749942 B = 0.957144 C = 0.252304 D = 0.780844 (fitness = -0.000145)
Strategy DE/rand/2/exp ; C = 0.800000 ; F = 0.500000
0: A = 0.166817 B = 0.171933 C = 1.915154 D = 0.350335 (fitness = -5.990715)
10: A = 0.772953 B = 0.473155 C = 0.305723 D = 1.321661 (fitness = -0.390742)
20: A = 0.698637 B = 0.859354 C = 0.503692 D = 0.940671 (fitness = -0.082913)
30: A = 0.743389 B = 0.932452 C = 0.242743 D = 0.819645 (fitness = -0.007066)
40: A = 0.747664 B = 0.971189 C = 0.188050 D = 0.697103 (fitness = -0.002859)
50: A = 0.750101 B = 0.947663 C = 0.202311 D = 0.791627 (fitness = -0.000172)
Final: A = 0.749936 B = 0.950454 C = 0.234359 D = 0.703252 (fitness = -0.000064)
Strategy DE/rand/2/exp ; C = 0.800000 ; F = rand( 2.000000, 0.000000 )
0: A = 1.077338 B = 1.438017 C = 1.397067 D = 1.692789 (fitness = -3.088008)
10: A = 1.862347 B = 1.155492 C = -0.015622 D = 1.200088 (fitness = -1.227082)
20: A = 0.891100 B = 1.241091 C = 0.278494 D = 1.008941 (fitness = -0.233934)
30: A = 0.812493 B = 0.786286 C = 0.414818 D = 1.132602 (fitness = -0.127503)
40: A = 0.771274 B = 0.996571 C = 0.184045 D = 0.851258 (fitness = -0.023938)
50: A = 0.752538 B = 1.054198 C = 0.188657 D = 0.807923 (fitness = -0.013558)
Final: A = 0.748630 B = 0.951615 C = 0.216075 D = 0.687106 (fitness = -0.001375)
Strategy 'DE/rand/3/exp' ; C = 0.800000 ; F = 0.500000
0: A = 1.155251 B = 0.144706 C = 0.977336 D = 0.060781 (fitness = -1.648795)
10: A = 1.155251 B = 0.777336 C = 0.108501 D = 0.060781 (fitness = -0.614507)
20: A = 0.815254 B = 1.006096 C = 0.174110 D = 0.996100 (fitness = -0.075275)
30: A = 0.747577 B = 1.006096 C = 0.343666 D = 0.432476 (fitness = -0.012971)
40: A = 0.747577 B = 1.006096 C = 0.343666 D = 0.432476 (fitness = -0.012971)
50: A = 0.750105 B = 0.952911 C = 0.190910 D = 0.610510 (fitness = -0.000271)
Final: A = 0.750105 B = 0.952911 C = 0.190910 D = 0.610510 (fitness = -0.000271)
Strategy 'DE/rand/3/exp' ; C = 0.800000 ; F = rand( 2.000000, 0.000000 )
0: A = 1.627512 B = 0.427794 C = 0.489662 D = 1.207204 (fitness = -1.228832)
10: A = 0.649815 B = 0.575279 C = 0.012334 D = 1.364985 (fitness = -0.434958)
20: A = 0.649815 B = 0.575279 C = 0.012334 D = 1.364985 (fitness = -0.434958)
30: A = 0.692165 B = 0.536124 C = 0.525584 D = 0.787443 (fitness = -0.254989)
40: A = 0.692165 B = 0.751021 C = 0.525584 D = 0.787443 (fitness = -0.123288)
50: A = 0.721305 B = 0.970770 C = 0.123266 D = 0.787443 (fitness = -0.030379)
Final: A = 0.747230 B = 0.965499 C = 0.112390 D = 0.734755 (fitness = -0.004638)
Strategy DE/rand-to-best/1/exp ; C = 0.800000 ; F = 0.500000
0: A = 1.415624 B = 1.174531 C = 1.386457 D = 1.836958 (fitness = -3.875658)
10: A = 0.763521 B = 0.910390 C = 0.335912 D = 0.691036 (fitness = -0.016278)
20: A = 0.751979 B = 0.932165 C = 0.264018 D = 0.664927 (fitness = -0.002340)
30: A = 0.750044 B = 0.950242 C = 0.234333 D = 0.719543 (fitness = -0.000044)
40: A = 0.750006 B = 0.949773 C = 0.235762 D = 0.725825 (fitness = -0.000007)
50: A = 0.750000 B = 0.950075 C = 0.229405 D = 0.711930 (fitness = -0.000000)
Final: A = 0.750000 B = 0.949961 C = 0.231479 D = 0.710422 (fitness = -0.000000)
Strategy DE/rand-to-best/1/exp ; C = 0.800000 ; F = rand( 2.000000, 0.000000 )
0: A = 1.903637 B = 1.609355 C = 0.069889 D = 0.491155 (fitness = -1.594784)
10: A = 0.190930 B = 0.728974 C = 0.595868 D = 0.591565 (fitness = -0.657094)
20: A = 0.708223 B = 0.414576 C = 0.041372 D = 0.333434 (fitness = -0.355275)
30: A = 0.727481 B = 0.614656 C = 0.041372 D = 0.333434 (fitness = -0.161794)
40: A = 0.740322 B = 1.042890 C = 0.177060 D = 0.707688 (fitness = -0.018455)
50: A = 0.743879 B = 0.926730 C = 0.103996 D = 0.728448 (fitness = -0.008664)
Final: A = 0.750165 B = 0.953496 C = 0.227418 D = 0.762768 (fitness = -0.000185)
Strategy 'DE/rand-to-best/2/exp' ; C = 0.800000 ; F = 0.500000
0: A = 0.092330 B = 1.076687 C = 1.705173 D = 0.446422 (fitness = -3.888725)
10: A = 0.828352 B = 0.627569 C = -0.190472 D = 0.520900 (fitness = -0.257930)
20: A = 0.722900 B = 0.818382 C = 0.078894 D = 0.411686 (fitness = -0.055793)
30: A = 0.752593 B = 0.966048 C = 0.348512 D = 0.729379 (fitness = -0.004515)
40: A = 0.750216 B = 0.954066 C = 0.230629 D = 0.734216 (fitness = -0.000233)
50: A = 0.750000 B = 0.953129 C = 0.238060 D = 0.726472 (fitness = -0.000010)
Final: A = 0.749999 B = 0.950960 C = 0.226030 D = 0.702660 (fitness = -0.000002)
Strategy 'DE/rand-to-best/2/exp' ; C = 0.800000 ; F = rand( 2.000000, 0.000000 )
0: A = 0.279804 B = 1.047225 C = 0.231029 D = 1.600658 (fitness = -1.108928)
10: A = 0.279804 B = 1.047225 C = 0.231029 D = 1.374154 (fitness = -0.674217)
20: A = 0.802178 B = 1.530488 C = 0.231029 D = 0.769743 (fitness = -0.389158)
30: A = 0.629213 B = 1.025841 C = 0.428651 D = 0.749171 (fitness = -0.134381)
40: A = 0.690796 B = 1.080358 C = 0.312442 D = 0.730100 (fitness = -0.076758)
50: A = 0.733155 B = 1.066941 C = 0.187595 D = 0.511955 (fitness = -0.032135)
Final: A = 0.749264 B = 0.950382 C = 0.202973 D = 0.667156 (fitness = -0.000759)
Strategy DE/best/1/bin ; C = 0.800000 ; F = 0.500000
0: A = 1.461206 B = 0.271932 C = 1.008718 D = 1.965144 (fitness = -4.125040)
10: A = 0.756584 B = 0.954403 C = 0.182611 D = 0.714314 (fitness = -0.006710)
20: A = 0.750707 B = 0.960908 C = 0.256938 D = 0.714314 (fitness = -0.000846)
30: A = 0.750013 B = 0.950797 C = 0.222239 D = 0.714314 (fitness = -0.000014)
40: A = 0.750002 B = 0.949515 C = 0.231171 D = 0.712938 (fitness = -0.000002)
50: A = 0.750000 B = 0.949944 C = 0.230268 D = 0.714307 (fitness = -0.000000)
Final: A = 0.750000 B = 0.949994 C = 0.230240 D = 0.710785 (fitness = -0.000000)
Strategy DE/best/1/bin ; C = 0.800000 ; F = rand( 2.000000, 0.000000 )
0: A = 0.588721 B = 0.334006 C = 1.755594 D = 0.792441 (fitness = -4.091501)
10: A = 0.691000 B = 1.228936 C = 0.519369 D = 1.262006 (fitness = -0.253884)
20: A = 0.749924 B = 0.952048 C = 0.234365 D = 0.785234 (fitness = -0.000112)
30: A = 0.749981 B = 0.954223 C = 0.227514 D = 0.785234 (fitness = -0.000069)
40: A = 0.750000 B = 0.950000 C = 0.231078 D = 0.705157 (fitness = -0.000000)
50: A = 0.750000 B = 0.950023 C = 0.230433 D = 0.709038 (fitness = -0.000000)
Final: A = 0.750000 B = 0.950016 C = 0.230556 D = 0.707827 (fitness = -0.000000)
Strategy DE/best/2/bin ; C = 0.800000 ; F = 0.500000
0: A = 0.459968 B = 0.819071 C = 0.674483 D = 0.232856 (fitness = -0.446821)
10: A = 0.682179 B = 0.818741 C = 0.674483 D = 0.232856 (fitness = -0.224696)
20: A = 0.719764 B = 0.988499 C = 0.206282 D = 0.629465 (fitness = -0.031774)
30: A = 0.749530 B = 0.954105 C = 0.315717 D = 0.789633 (fitness = -0.001157)
40: A = 0.749759 B = 0.951833 C = 0.254353 D = 0.765645 (fitness = -0.000268)
50: A = 0.750005 B = 0.949058 C = 0.251568 D = 0.695236 (fitness = -0.000016)
Final: A = 0.749999 B = 0.949346 C = 0.234840 D = 0.733975 (fitness = -0.000002)
Strategy DE/best/2/bin ; C = 0.800000 ; F = rand( 2.000000, 0.000000 )
0: A = 0.105147 B = 0.517032 C = 0.898707 D = 0.172652 (fitness = -1.214712)
10: A = 0.982919 B = 0.517032 C = 0.477181 D = 0.172652 (fitness = -0.518854)
20: A = 0.755466 B = 0.878915 C = 0.224817 D = 1.212576 (fitness = -0.074317)
30: A = 0.755466 B = 0.878915 C = 0.444613 D = 0.727742 (fitness = -0.020403)
40: A = 0.759166 B = 0.878915 C = 0.281491 D = 0.603481 (fitness = -0.014484)
50: A = 0.752736 B = 0.970565 C = 0.192661 D = 0.517513 (fitness = -0.004583)
Final: A = 0.750039 B = 0.980150 C = 0.240317 D = 0.668999 (fitness = -0.000952)
Strategy 'DE/best/3/bin' ; C = 0.800000 ; F = 0.500000
0: A = 1.023064 B = 1.360235 C = 1.632175 D = 1.464820 (fitness = -3.522782)
10: A = 0.084944 B = 0.804279 C = 0.051547 D = 0.876938 (fitness = -0.692750)
20: A = 0.730847 B = 0.891998 C = 0.240613 D = 0.715755 (fitness = -0.022518)
30: A = 0.750645 B = 0.920334 C = 0.240613 D = 0.715755 (fitness = -0.001526)
40: A = 0.749844 B = 0.947648 C = 0.240613 D = 0.715755 (fitness = -0.000163)
50: A = 0.749844 B = 0.947648 C = 0.228621 D = 0.715755 (fitness = -0.000162)
Final: A = 0.749999 B = 0.951227 C = 0.232672 D = 0.706220 (fitness = -0.000002)
Strategy 'DE/best/3/bin' ; C = 0.800000 ; F = rand( 2.000000, 0.000000 )
0: A = 1.518237 B = 0.861280 C = 1.295202 D = 0.452201 (fitness = -1.989161)
10: A = 0.174952 B = 0.775767 C = -0.295892 D = 0.674848 (fitness = -0.750848)
20: A = 0.799799 B = 0.974588 C = 0.368746 D = 0.228262 (fitness = -0.106931)
30: A = 0.820855 B = 0.845715 C = 0.131745 D = 0.612518 (fitness = -0.082770)
40: A = 0.762909 B = 0.948771 C = 0.176409 D = 0.612518 (fitness = -0.013154)
50: A = 0.749314 B = 0.948771 C = 0.241080 D = 0.612518 (fitness = -0.000780)
Final: A = 0.750062 B = 0.966149 C = 0.190108 D = 0.662165 (fitness = -0.000391)
Strategy DE/rand/1/bin ; C = 0.800000 ; F = 0.500000
0: A = 0.319583 B = 1.670112 C = 1.372059 D = 1.778042 (fitness = -3.739796)
10: A = 0.800339 B = 0.933876 C = 0.389528 D = 0.624852 (fitness = -0.054711)
20: A = 0.730699 B = 0.957383 C = 0.162698 D = 1.002847 (fitness = -0.027015)
30: A = 0.751378 B = 0.949276 C = 0.258797 D = 0.789075 (fitness = -0.001441)
40: A = 0.750355 B = 0.955139 C = 0.233337 D = 0.694472 (fitness = -0.000382)
50: A = 0.749993 B = 0.952184 C = 0.238700 D = 0.775418 (fitness = -0.000031)
Final: A = 0.750001 B = 0.949881 C = 0.238970 D = 0.722715 (fitness = -0.000002)
Strategy DE/rand/1/bin ; C = 0.800000 ; F = rand( 2.000000, 0.000000 )
0: A = 0.198096 B = 1.015575 C = 1.817451 D = 1.129848 (fitness = -4.587655)
10: A = 0.995279 B = 1.213716 C = 0.324338 D = 0.252025 (fitness = -0.359656)
20: A = 0.749251 B = 0.990006 C = 0.501747 D = 0.730020 (fitness = -0.022417)
30: A = 0.749251 B = 0.990006 C = 0.501747 D = 0.730020 (fitness = -0.022417)
40: A = 0.749251 B = 0.932820 C = 0.234397 D = 0.708719 (fitness = -0.001044)
50: A = 0.750270 B = 0.959997 C = 0.234397 D = 0.580518 (fitness = -0.000651)
Final: A = 0.750049 B = 0.949550 C = 0.228717 D = 0.672808 (fitness = -0.000051)
Strategy DE/rand/2/bin ; C = 0.800000 ; F = 0.500000
0: A = 1.934187 B = 0.941877 C = 0.079149 D = 1.862680 (fitness = -2.953053)
10: A = 0.670355 B = 0.669547 C = 0.447336 D = 0.719623 (fitness = -0.168565)
20: A = 0.670355 B = 0.839650 C = 0.265093 D = 0.574204 (fitness = -0.092205)
30: A = 0.750690 B = 0.932378 C = 0.210145 D = 0.705239 (fitness = -0.001008)
40: A = 0.750690 B = 0.932378 C = 0.210145 D = 0.706057 (fitness = -0.001008)
50: A = 0.750690 B = 0.953611 C = 0.213164 D = 0.671205 (fitness = -0.000710)
Final: A = 0.750000 B = 0.948793 C = 0.213088 D = 0.683831 (fitness = -0.000007)
Strategy DE/rand/2/bin ; C = 0.800000 ; F = rand( 2.000000, 0.000000 )
0: A = 1.431324 B = 1.839538 C = 0.315249 D = 1.399283 (fitness = -1.698953)
10: A = 0.647344 B = 1.839538 C = 0.315249 D = 1.399283 (fitness = -1.120285)
20: A = 0.843744 B = 1.839538 C = -0.345989 D = 1.076107 (fitness = -1.094080)
30: A = 0.709608 B = 1.234160 C = 0.376202 D = 0.466546 (fitness = -0.127777)
40: A = 0.709608 B = 0.881675 C = 0.196209 D = 0.532172 (fitness = -0.046099)
50: A = 0.751532 B = 0.970782 C = 0.304287 D = 0.691973 (fitness = -0.002374)
Final: A = 0.749751 B = 0.970938 C = 0.277019 D = 0.719293 (fitness = -0.000791)
Strategy 'DE/rand/3/bin' ; C = 0.800000 ; F = 0.500000
0: A = 0.094612 B = 1.431400 C = 1.365645 D = 1.992145 (fitness = -5.054157)
10: A = 0.681647 B = 1.037236 C = 0.419233 D = 0.775870 (fitness = -0.082758)
20: A = 0.681647 B = 1.037236 C = 0.241567 D = 0.775870 (fitness = -0.075984)
30: A = 0.724417 B = 1.037236 C = 0.091535 D = 0.775870 (fitness = -0.035866)
40: A = 0.765825 B = 0.963501 C = 0.262603 D = 0.738609 (fitness = -0.016043)
50: A = 0.743234 B = 0.934591 C = 0.262603 D = 0.702174 (fitness = -0.007038)
Final: A = 0.750043 B = 0.963441 C = 0.302898 D = 0.701535 (fitness = -0.000611)
Strategy 'DE/rand/3/bin' ; C = 0.800000 ; F = rand( 2.000000, 0.000000 )
0: A = 0.074912 B = 0.895190 C = 0.867884 D = 0.628982 (fitness = -0.937688)
10: A = 0.074912 B = 0.776098 C = 0.008055 D = 0.628982 (fitness = -0.716307)
20: A = 0.671529 B = 0.778660 C = 0.008055 D = 0.628982 (fitness = -0.118805)
30: A = 0.671529 B = 1.022214 C = 0.008055 D = 0.984161 (fitness = -0.100269)
40: A = 0.732554 B = 0.945646 C = 0.344432 D = 0.548144 (fitness = -0.019650)
50: A = 0.732554 B = 0.945646 C = 0.344432 D = 0.548144 (fitness = -0.019650)
Final: A = 0.748148 B = 0.948292 C = 0.201383 D = 0.811216 (fitness = -0.001983)
Strategy DE/rand-to-best/1/bin ; C = 0.800000 ; F = 0.500000
0: A = 1.718495 B = 1.541384 C = 0.669855 D = 1.197948 (fitness = -1.460019)
10: A = 0.709428 B = 0.900666 C = 0.609519 D = 0.656184 (fitness = -0.097678)
20: A = 0.735111 B = 0.930143 C = 0.173962 D = 0.826567 (fitness = -0.015644)
30: A = 0.750122 B = 0.950481 C = 0.236063 D = 0.843265 (fitness = -0.000438)
40: A = 0.749956 B = 0.950481 C = 0.236800 D = 0.696697 (fitness = -0.000044)
50: A = 0.749996 B = 0.950334 C = 0.234972 D = 0.674433 (fitness = -0.000005)
Final: A = 0.750002 B = 0.949748 C = 0.228743 D = 0.726171 (fitness = -0.000002)
Strategy DE/rand-to-best/1/bin ; C = 0.800000 ; F = rand( 2.000000, 0.000000 )
0: A = 1.391019 B = 0.372775 C = 0.816452 D = 0.954467 (fitness = -1.179476)
10: A = 1.155951 B = 0.943718 C = 0.330827 D = 0.954467 (fitness = -0.410588)
20: A = 0.731748 B = 0.822386 C = 0.141475 D = 0.552147 (fitness = -0.035852)
30: A = 0.742778 B = 1.048492 C = 0.141475 D = 0.618784 (fitness = -0.017685)
40: A = 0.750189 B = 0.886047 C = 0.207158 D = 0.705280 (fitness = -0.004291)
50: A = 0.750189 B = 0.921973 C = 0.215599 D = 0.729111 (fitness = -0.000978)
Final: A = 0.750065 B = 0.948438 C = 0.229463 D = 0.693624 (fitness = -0.000067)
Strategy 'DE/rand-to-best/2/bin' ; C = 0.800000 ; F = 0.500000
0: A = 1.122029 B = 0.572526 C = 1.167647 D = 1.915008 (fitness = -3.447308)
10: A = 0.883308 B = 1.031314 C = -0.361615 D = 1.004054 (fitness = -0.354468)
20: A = 0.782014 B = 0.855174 C = 0.360238 D = 0.483878 (fitness = -0.045829)
30: A = 0.745318 B = 1.063038 C = 0.321208 D = 0.488981 (fitness = -0.020605)
40: A = 0.750759 B = 0.931360 C = 0.202623 D = 0.652728 (fitness = -0.001137)
50: A = 0.750009 B = 0.947733 C = 0.209643 D = 0.638294 (fitness = -0.000049)
Final: A = 0.750018 B = 0.949158 C = 0.249064 D = 0.704327 (fitness = -0.000025)
Strategy 'DE/rand-to-best/2/bin' ; C = 0.800000 ; F = rand( 2.000000, 0.000000 )
0: A = 0.006487 B = 0.016370 C = 1.350776 D = 1.772669 (fitness = -4.298267)
10: A = 0.948644 B = 0.934821 C = 0.036230 D = 1.186129 (fitness = -0.257542)
20: A = 0.806733 B = 1.050953 C = 0.437521 D = 1.090765 (fitness = -0.096882)
30: A = 0.806252 B = 1.055155 C = -0.035734 D = 0.845235 (fitness = -0.086409)
40: A = 0.786566 B = 0.934001 C = 0.314449 D = 0.391677 (fitness = -0.047692)
50: A = 0.749652 B = 0.951006 C = 0.213046 D = 0.817566 (fitness = -0.000487)
Final: A = 0.750385 B = 0.944081 C = 0.229541 D = 0.704015 (fitness = -0.000420)
